Archive member included because of file (symbol)

d:/program files - hdd/mplab compiler x32/bin/bin/../../lib/gcc/pic32mx/4.8.3/../../../../pic32mx/lib\libmchp_peripheral.a(read_core_timer_lib.o)
                              build/default/production/_ext/1472/swDelay.o (ReadCoreTimer)
d:/program files - hdd/mplab compiler x32/bin/bin/../../lib/gcc/pic32mx/4.8.3/../../../../pic32mx/lib\libmchp_peripheral_32MX370F512L.a(pcache.o)
                              build/default/production/_ext/1472/hardware.o (CheKseg0CacheOn)
d:/program files - hdd/mplab compiler x32/bin/bin/../../lib/gcc/pic32mx/4.8.3/../../../../pic32mx/lib\libmchp_peripheral_32MX370F512L.a(int_configure_system_lib.o)
                              build/default/production/_ext/1472/hardware.o (INTConfigureSystem)
d:/program files - hdd/mplab compiler x32/bin/bin/../../lib/gcc/pic32mx/4.8.3/../../../../pic32mx/lib\libmchp_peripheral_32MX370F512L.a(int_enable_interrupts_lib.o)
                              build/default/production/_ext/1472/hardware.o (INTEnableInterrupts)
d:/program files - hdd/mplab compiler x32/bin/bin/../../lib/gcc/pic32mx/4.8.3/../../../../pic32mx/lib\libmchp_peripheral_32MX370F512L.a(int_disable_interrupts_lib.o)
                              build/default/production/_ext/1472/hardware.o (INTDisableInterrupts)
d:/program files - hdd/mplab compiler x32/bin/bin/../../lib/gcc/pic32mx/4.8.3/../../../../pic32mx/lib\libmchp_peripheral_32MX370F512L.a(int_restore_interrupts_lib.o)
                              build/default/production/_ext/1472/hardware.o (INTRestoreInterrupts)
d:/program files - hdd/mplab compiler x32/bin/bin/../../lib/gcc/pic32mx/4.8.3/../../../../pic32mx/lib\libmchp_peripheral_32MX370F512L.a(int_tbl_lib.o)
                              build/default/production/_ext/1472/uart2.o (INTClearFlag)
d:/program files - hdd/mplab compiler x32/bin/bin/../../lib/gcc/pic32mx/4.8.3/../../../../pic32mx/lib\libmchp_peripheral_32MX370F512L.a(dma_chn_set_ev_enable_flags_lib.o)
                              build/default/production/_ext/1472/DMA_UART2.o (DmaChnSetEvEnableFlags)
d:/program files - hdd/mplab compiler x32/bin/bin/../../lib/gcc/pic32mx/4.8.3/../../../../pic32mx/lib\libmchp_peripheral_32MX370F512L.a(dma_chn_open_lib.o)
                              build/default/production/_ext/1472/DMA_UART2.o (DmaChnOpen)
d:/program files - hdd/mplab compiler x32/bin/bin/../../lib/gcc/pic32mx/4.8.3/../../../../pic32mx/lib\libmchp_peripheral_32MX370F512L.a(dma_chn_enable_lib.o)
                              build/default/production/_ext/1472/DMA_UART2.o (DmaChnEnable)
d:/program files - hdd/mplab compiler x32/bin/bin/../../lib/gcc/pic32mx/4.8.3/../../../../pic32mx/lib\libmchp_peripheral_32MX370F512L.a(dma_chn_get_ev_flags_lib.o)
                              build/default/production/_ext/1472/DMA_UART2.o (DmaChnGetEvFlags)
d:/program files - hdd/mplab compiler x32/bin/bin/../../lib/gcc/pic32mx/4.8.3/../../../../pic32mx/lib\libmchp_peripheral_32MX370F512L.a(dma_chn_write_event_control_flags_lib.o)
                              build/default/production/_ext/1472/DMA_UART2.o (DmaChnWriteEventControlFlags)
d:/program files - hdd/mplab compiler x32/bin/bin/../../lib/gcc/pic32mx/4.8.3/../../../../pic32mx/lib\libmchp_peripheral_32MX370F512L.a(dma_chn_set_match_pattern_lib.o)
                              build/default/production/_ext/1472/DMA_UART2.o (DmaChnSetMatchPattern)
d:/program files - hdd/mplab compiler x32/bin/bin/../../lib/gcc/pic32mx/4.8.3/../../../../pic32mx/lib\libmchp_peripheral_32MX370F512L.a(dma_chn_set_txfer_lib.o)
                              build/default/production/_ext/1472/DMA_UART2.o (DmaChnSetTxfer)
d:/program files - hdd/mplab compiler x32/bin/bin/../../lib/gcc/pic32mx/4.8.3/../../../../pic32mx/lib\libmchp_peripheral_32MX370F512L.a(dma_reg_map_tbl_lib.o)
                              d:/program files - hdd/mplab compiler x32/bin/bin/../../lib/gcc/pic32mx/4.8.3/../../../../pic32mx/lib\libmchp_peripheral_32MX370F512L.a(dma_chn_set_ev_enable_flags_lib.o) (_DmaMapTbl)
d:/program files - hdd/mplab compiler x32/bin/bin/../../lib/gcc/pic32mx/4.8.3/../../../../pic32mx/lib\libmchp_peripheral_32MX370F512L.a(port_set_pins_digital_in_lib.o)
                              build/default/production/_ext/1472/LCDlib.o (PORTSetPinsDigitalIn)
d:/program files - hdd/mplab compiler x32/bin/bin/../../lib/gcc/pic32mx/4.8.3/../../../../pic32mx/lib\libmchp_peripheral_32MX370F512L.a(port_set_pins_digital_out_lib.o)
                              build/default/production/_ext/1472/LCDlib.o (PORTSetPinsDigitalOut)
d:/program files - hdd/mplab compiler x32/bin/bin/../../lib/gcc/pic32mx/4.8.3/../../../../pic32mx/lib\libmchp_peripheral_32MX370F512L.a(_ports_tbl_libp.o)
                              d:/program files - hdd/mplab compiler x32/bin/bin/../../lib/gcc/pic32mx/4.8.3/../../../../pic32mx/lib\libmchp_peripheral_32MX370F512L.a(port_set_pins_digital_in_lib.o) (PortRegTbl)
[...]
Memory Configuration

Name             Origin             Length             Attributes
kseg0_program_mem 0x9d000000         0x00080000         xr
kseg0_boot_mem   0x9fc00490         0x00000970
exception_mem    0x9fc01000         0x00001000
kseg1_boot_mem   0xbfc00000         0x00000490
debug_exec_mem   0xbfc02000         0x00000ff0
config3          0xbfc02ff0         0x00000004
config2          0xbfc02ff4         0x00000004
config1          0xbfc02ff8         0x00000004
config0          0xbfc02ffc         0x00000004
kseg1_data_mem   0xa0000000         0x00020000         w !x
sfrs             0xbf800000         0x00100000
configsfrs       0xbfc02ff0         0x00000010
*default*        0x00000000         0xffffffff

Linker script and memory map

LOAD d:/program files - hdd/mplab compiler x32/bin/bin/../../lib/gcc/pic32mx/4.8.3/../../../../pic32mx/lib/./proc/32MX370F512L/crt0_mips32r2.o
LOAD d:/program files - hdd/mplab compiler x32/bin/bin/../../lib/gcc/pic32mx/4.8.3/../../../../pic32mx/lib\debug-exception-return.o
LOAD build/default/production/_ext/1472/LCDlib.o
LOAD build/default/production/_ext/1472/hardware.o
LOAD build/default/production/_ext/1472/led7.o
LOAD build/default/production/_ext/1472/main.o
LOAD build/default/production/_ext/1472/swDelay.o
LOAD build/default/production/_ext/1472/uart2.o
LOAD build/default/production/_ext/1472/uart4.o
LOAD build/default/production/_ext/1472/RC.o
LOAD build/default/production/_ext/1472/Pot.o
LOAD build/default/production/_ext/1472/GPS_I2C.o
LOAD build/default/production/_ext/1472/i2c_lib.o
LOAD build/default/production/_ext/1472/Gamepad.o
LOAD build/default/production/_ext/1472/ADC_TEMP.o
LOAD build/default/production/_ext/1472/CycleData.o
LOAD build/default/production/_ext/1472/Notice.o
LOAD build/default/production/_ext/1472/DMA_UART2.o
LOAD build/default/production/_ext/1472/MAG3110.o
LOAD build/default/production/_ext/1472/Stepper.o
                0x00000001                __MPLAB_BUILD = 0x1
                0x00000800                _min_heap_size = 0x800
LOAD d:/program files - hdd/mplab compiler x32/bin/bin/../../lib/gcc/pic32mx/4.8.3/../../../../pic32mx/lib/./proc/32MX370F512L\default_isr_vectors.o
LOAD d:/program files - hdd/mplab compiler x32/bin/bin/../../lib/gcc/pic32mx/4.8.3/../../../../pic32mx/lib\pic32_software_reset.o
                0x00000400                PROVIDE (_min_stack_size, 0x400)
LOAD d:/program files - hdd/mplab compiler x32/bin/bin/../../lib/gcc/pic32mx/4.8.3/../../../../pic32mx/lib/./proc/32MX370F512L\processor.o
START GROUP
LOAD d:/program files - hdd/mplab compiler x32/bin/bin/../../lib/gcc/pic32mx/4.8.3/../../../../pic32mx/lib\libmchp_peripheral.a
END GROUP
START GROUP
LOAD d:/program files - hdd/mplab compiler x32/bin/bin/../../lib/gcc/pic32mx/4.8.3/../../../../pic32mx/lib\libmchp_peripheral_32MX370F512L.a
END GROUP
                0x00000001                PROVIDE (_vector_spacing, 0x1)
                0x9fc01000                PROVIDE (_ebase_address, 0x9fc01000)
                0xbfc00000                _RESET_ADDR = 0xbfc00000
                0xbfc00380                _BEV_EXCPT_ADDR = 0xbfc00380
                0xbfc00480                _DBG_EXCPT_ADDR = 0xbfc00480
                0xbfc02000                _DBG_CODE_ADDR = 0xbfc02000
                0x00000ff0                _DBG_CODE_SIZE = 0xff0
                0x9fc01180                _GEN_EXCPT_ADDR = (_ebase_address + 0x180)

.config_BFC02FF0
                0xbfc02ff0        0x4
 *(.config_BFC02FF0)
 .config_BFC02FF0
                0xbfc02ff0        0x4 build/default/production/_ext/1472/main.o

.config_BFC02FF4
                0xbfc02ff4        0x4
 *(.config_BFC02FF4)
 .config_BFC02FF4
                0xbfc02ff4        0x4 build/default/production/_ext/1472/main.o

.config_BFC02FF8
                0xbfc02ff8        0x4
 *(.config_BFC02FF8)
 .config_BFC02FF8
                0xbfc02ff8        0x4 build/default/production/_ext/1472/main.o

.config_BFC02FFC
                0xbfc02ffc        0x4
 *(.config_BFC02FFC)
 .config_BFC02FFC
                0xbfc02ffc        0x4 build/default/production/_ext/1472/main.o
                0xbfc02000                PROVIDE (_DBG_CODE_ADDR, 0xbfc02000)
                0x00000ff0                PROVIDE (_DBG_CODE_SIZE, 0xff0)

.reset          0xbfc00000      0x208
 *(.reset)
 .reset         0xbfc00000        0x8 d:/program files - hdd/mplab compiler x32/bin/bin/../../lib/gcc/pic32mx/4.8.3/../../../../pic32mx/lib/./proc/32MX370F512L/crt0_mips32r2.o
                0xbfc00000                _reset
 *(.reset.startup)
 .reset.startup
                0xbfc00008      0x200 d:/program files - hdd/mplab compiler x32/bin/bin/../../lib/gcc/pic32mx/4.8.3/../../../../pic32mx/lib/./proc/32MX370F512L/crt0_mips32r2.o
                0xbfc00008                _startup

.bev_excpt      0xbfc00380       0x10
 *(.bev_handler)
 .bev_handler   0xbfc00380       0x10 d:/program files - hdd/mplab compiler x32/bin/bin/../../lib/gcc/pic32mx/4.8.3/../../../../pic32mx/lib/./proc/32MX370F512L/crt0_mips32r2.o

.dbg_excpt      0xbfc00480        0x0
                0xbfc00480                . = (. + DEFINED (_DEBUGGER)?0x8:0x0)

.dbg_code       0xbfc02000        0x0
                0xbfc02000                . = (. + DEFINED (_DEBUGGER)?_DBG_CODE_SIZE:0x0)

.app_excpt      0x9fc01180       0x10
 *(.gen_handler)
 .gen_handler   0x9fc01180       0x10 d:/program files - hdd/mplab compiler x32/bin/bin/../../lib/gcc/pic32mx/4.8.3/../../../../pic32mx/lib/./proc/32MX370F512L/crt0_mips32r2.o

.vector_0       0x9fc01200        0x8
 *(.vector_0)
 .vector_0      0x9fc01200        0x8 d:/program files - hdd/mplab compiler x32/bin/bin/../../lib/gcc/pic32mx/4.8.3/../../../../pic32mx/lib\libpic32.a(vector0.o)
                0x9fc01200                __vector_dispatch_0
                0x00000001                ASSERT (((_vector_spacing == 0x0) || (SIZEOF (.vector_0) <= (_vector_spacing << 0x5))), function at exception vector 0 too large)

.vector_1       0x9fc01220        0x8
 *(.vector_1)
 .vector_1      0x9fc01220        0x8 d:/program files - hdd/mplab compiler x32/bin/bin/../../lib/gcc/pic32mx/4.8.3/../../../../pic32mx/lib\libpic32.a(vector1.o)
                0x9fc01220                __vector_dispatch_1
                0x00000001                ASSERT (((_vector_spacing == 0x0) || (SIZEOF (.vector_1) <= (_vector_spacing << 0x5))), function at exception vector 1 too large)

.vector_2       0x9fc01240        0x8
 *(.vector_2)
 .vector_2      0x9fc01240        0x8 d:/program files - hdd/mplab compiler x32/bin/bin/../../lib/gcc/pic32mx/4.8.3/../../../../pic32mx/lib\libpic32.a(vector2.o)
                0x9fc01240                __vector_dispatch_2
                0x00000001                ASSERT (((_vector_spacing == 0x0) || (SIZEOF (.vector_2) <= (_vector_spacing << 0x5))), function at exception vector 2 too large)

.vector_3       0x9fc01260        0x8
 *(.vector_3)
 .vector_3      0x9fc01260        0x8 d:/program files - hdd/mplab compiler x32/bin/bin/../../lib/gcc/pic32mx/4.8.3/../../../../pic32mx/lib\libpic32.a(vector3.o)
                0x9fc01260                __vector_dispatch_3
                0x00000001                ASSERT (((_vector_spacing == 0x0) || (SIZEOF (.vector_3) <= (_vector_spacing << 0x5))), function at exception vector 3 too large)

.vector_4       0x9fc01280        0x8
 *(.vector_4)
 .vector_4      0x9fc01280        0x8 build/default/production/_ext/1472/hardware.o
                0x9fc01280                __vector_dispatch_4
                0x00000001                ASSERT (((_vector_spacing == 0x0) || (SIZEOF (.vector_4) <= (_vector_spacing << 0x5))), function at exception vector 4 too large)

.vector_5       0x9fc012a0        0x8
 *(.vector_5)
 .vector_5      0x9fc012a0        0x8 d:/program files - hdd/mplab compiler x32/bin/bin/../../lib/gcc/pic32mx/4.8.3/../../../../pic32mx/lib\libpic32.a(vector5.o)
                0x9fc012a0                __vector_dispatch_5
                0x00000001                ASSERT (((_vector_spacing == 0x0) || (SIZEOF (.vector_5) <= (_vector_spacing << 0x5))), function at exception vector 5 too large)

.vector_6       0x9fc012c0        0x8
 *(.vector_6)
 .vector_6      0x9fc012c0        0x8 d:/program files - hdd/mplab compiler x32/bin/bin/../../lib/gcc/pic32mx/4.8.3/../../../../pic32mx/lib\libpic32.a(vector6.o)
                0x9fc012c0                __vector_dispatch_6
                0x00000001                ASSERT (((_vector_spacing == 0x0) || (SIZEOF (.vector_6) <= (_vector_spacing << 0x5))), function at exception vector 6 too large)

.vector_7       0x9fc012e0        0x8
 *(.vector_7)
 .vector_7      0x9fc012e0        0x8 d:/program files - hdd/mplab compiler x32/bin/bin/../../lib/gcc/pic32mx/4.8.3/../../../../pic32mx/lib\libpic32.a(vector7.o)
                0x9fc012e0                __vector_dispatch_7
                0x00000001                ASSERT (((_vector_spacing == 0x0) || (SIZEOF (.vector_7) <= (_vector_spacing << 0x5))), function at exception vector 7 too large)

.vector_8       0x9fc01300        0x8
 *(.vector_8)
 .vector_8      0x9fc01300        0x8 d:/program files - hdd/mplab compiler x32/bin/bin/../../lib/gcc/pic32mx/4.8.3/../../../../pic32mx/lib\libpic32.a(vector8.o)
                0x9fc01300                __vector_dispatch_8
                0x00000001                ASSERT (((_vector_spacing == 0x0) || (SIZEOF (.vector_8) <= (_vector_spacing << 0x5))), function at exception vector 8 too large)

.vector_9       0x9fc01320        0x8
 *(.vector_9)
 .vector_9      0x9fc01320        0x8 d:/program files - hdd/mplab compiler x32/bin/bin/../../lib/gcc/pic32mx/4.8.3/../../../../pic32mx/lib\libpic32.a(vector9.o)
                0x9fc01320                __vector_dispatch_9
                0x00000001                ASSERT (((_vector_spacing == 0x0) || (SIZEOF (.vector_9) <= (_vector_spacing << 0x5))), function at exception vector 9 too large)

.vector_10      0x9fc01340        0x8
 *(.vector_10)
 .vector_10     0x9fc01340        0x8 d:/program files - hdd/mplab compiler x32/bin/bin/../../lib/gcc/pic32mx/4.8.3/../../../../pic32mx/lib\libpic32.a(vector10.o)
                0x9fc01340                __vector_dispatch_10
                0x00000001                ASSERT (((_vector_spacing == 0x0) || (SIZEOF (.vector_10) <= (_vector_spacing << 0x5))), function at exception vector 10 too large)

.vector_11      0x9fc01360        0x8
 *(.vector_11)
 .vector_11     0x9fc01360        0x8 d:/program files - hdd/mplab compiler x32/bin/bin/../../lib/gcc/pic32mx/4.8.3/../../../../pic32mx/lib\libpic32.a(vector11.o)
                0x9fc01360                __vector_dispatch_11
                0x00000001                ASSERT (((_vector_spacing == 0x0) || (SIZEOF (.vector_11) <= (_vector_spacing << 0x5))), function at exception vector 11 too large)

.vector_12      0x9fc01380        0x8
 *(.vector_12)
 .vector_12     0x9fc01380        0x8 d:/program files - hdd/mplab compiler x32/bin/bin/../../lib/gcc/pic32mx/4.8.3/../../../../pic32mx/lib\libpic32.a(vector12.o)
                0x9fc01380                __vector_dispatch_12
                0x00000001                ASSERT (((_vector_spacing == 0x0) || (SIZEOF (.vector_12) <= (_vector_spacing << 0x5))), function at exception vector 12 too large)

.vector_13      0x9fc013a0        0x8
 *(.vector_13)
 .vector_13     0x9fc013a0        0x8 d:/program files - hdd/mplab compiler x32/bin/bin/../../lib/gcc/pic32mx/4.8.3/../../../../pic32mx/lib\libpic32.a(vector13.o)
                0x9fc013a0                __vector_dispatch_13
                0x00000001                ASSERT (((_vector_spacing == 0x0) || (SIZEOF (.vector_13) <= (_vector_spacing << 0x5))), function at exception vector 13 too large)

.vector_14      0x9fc013c0        0x8
 *(.vector_14)
 .vector_14     0x9fc013c0        0x8 d:/program files - hdd/mplab compiler x32/bin/bin/../../lib/gcc/pic32mx/4.8.3/../../../../pic32mx/lib\libpic32.a(vector14.o)
                0x9fc013c0                __vector_dispatch_14
                0x00000001                ASSERT (((_vector_spacing == 0x0) || (SIZEOF (.vector_14) <= (_vector_spacing << 0x5))), function at exception vector 14 too large)

.vector_15      0x9fc013e0        0x8
 *(.vector_15)
 .vector_15     0x9fc013e0        0x8 d:/program files - hdd/mplab compiler x32/bin/bin/../../lib/gcc/pic32mx/4.8.3/../../../../pic32mx/lib\libpic32.a(vector15.o)
                0x9fc013e0                __vector_dispatch_15
                0x00000001                ASSERT (((_vector_spacing == 0x0) || (SIZEOF (.vector_15) <= (_vector_spacing << 0x5))), function at exception vector 15 too large)

.vector_16      0x9fc01400        0x8
 *(.vector_16)
 .vector_16     0x9fc01400        0x8 d:/program files - hdd/mplab compiler x32/bin/bin/../../lib/gcc/pic32mx/4.8.3/../../../../pic32mx/lib\libpic32.a(vector16.o)
                0x9fc01400                __vector_dispatch_16
                0x00000001                ASSERT (((_vector_spacing == 0x0) || (SIZEOF (.vector_16) <= (_vector_spacing << 0x5))), function at exception vector 16 too large)

.vector_17      0x9fc01420        0x8
 *(.vector_17)
 .vector_17     0x9fc01420        0x8 d:/program files - hdd/mplab compiler x32/bin/bin/../../lib/gcc/pic32mx/4.8.3/../../../../pic32mx/lib\libpic32.a(vector17.o)
                0x9fc01420                __vector_dispatch_17
                0x00000001                ASSERT (((_vector_spacing == 0x0) || (SIZEOF (.vector_17) <= (_vector_spacing << 0x5))), function at exception vector 17 too large)

.vector_18      0x9fc01440        0x8
 *(.vector_18)
 .vector_18     0x9fc01440        0x8 d:/program files - hdd/mplab compiler x32/bin/bin/../../lib/gcc/pic32mx/4.8.3/../../../../pic32mx/lib\libpic32.a(vector18.o)
                0x9fc01440                __vector_dispatch_18
                0x00000001                ASSERT (((_vector_spacing == 0x0) || (SIZEOF (.vector_18) <= (_vector_spacing << 0x5))), function at exception vector 18 too large)

.vector_19      0x9fc01460        0x8
 *(.vector_19)
 .vector_19     0x9fc01460        0x8 d:/program files - hdd/mplab compiler x32/bin/bin/../../lib/gcc/pic32mx/4.8.3/../../../../pic32mx/lib\libpic32.a(vector19.o)
                0x9fc01460                __vector_dispatch_19
                0x00000001                ASSERT (((_vector_spacing == 0x0) || (SIZEOF (.vector_19) <= (_vector_spacing << 0x5))), function at exception vector 19 too large)

.vector_20      0x9fc01480        0x8
 *(.vector_20)
 .vector_20     0x9fc01480        0x8 d:/program files - hdd/mplab compiler x32/bin/bin/../../lib/gcc/pic32mx/4.8.3/../../../../pic32mx/lib\libpic32.a(vector20.o)
                0x9fc01480                __vector_dispatch_20
                0x00000001                ASSERT (((_vector_spacing == 0x0) || (SIZEOF (.vector_20) <= (_vector_spacing << 0x5))), function at exception vector 20 too large)

.vector_21      0x9fc014a0        0x8
 *(.vector_21)
 .vector_21     0x9fc014a0        0x8 d:/program files - hdd/mplab compiler x32/bin/bin/../../lib/gcc/pic32mx/4.8.3/../../../../pic32mx/lib\libpic32.a(vector21.o)
                0x9fc014a0                __vector_dispatch_21
                0x00000001                ASSERT (((_vector_spacing == 0x0) || (SIZEOF (.vector_21) <= (_vector_spacing << 0x5))), function at exception vector 21 too large)

.vector_22      0x9fc014c0        0x8
 *(.vector_22)
 .vector_22     0x9fc014c0        0x8 d:/program files - hdd/mplab compiler x32/bin/bin/../../lib/gcc/pic32mx/4.8.3/../../../../pic32mx/lib\libpic32.a(vector22.o)
                0x9fc014c0                __vector_dispatch_22
                0x00000001                ASSERT (((_vector_spacing == 0x0) || (SIZEOF (.vector_22) <= (_vector_spacing << 0x5))), function at exception vector 22 too large)

.vector_23      0x9fc014e0        0x8
 *(.vector_23)
 .vector_23     0x9fc014e0        0x8 d:/program files - hdd/mplab compiler x32/bin/bin/../../lib/gcc/pic32mx/4.8.3/../../../../pic32mx/lib\libpic32.a(vector23.o)
                0x9fc014e0                __vector_dispatch_23
                0x00000001                ASSERT (((_vector_spacing == 0x0) || (SIZEOF (.vector_23) <= (_vector_spacing << 0x5))), function at exception vector 23 too large)

.vector_24      0x9fc01500        0x8
 *(.vector_24)
 .vector_24     0x9fc01500        0x8 d:/program files - hdd/mplab compiler x32/bin/bin/../../lib/gcc/pic32mx/4.8.3/../../../../pic32mx/lib\libpic32.a(vector24.o)
                0x9fc01500                __vector_dispatch_24
                0x00000001                ASSERT (((_vector_spacing == 0x0) || (SIZEOF (.vector_24) <= (_vector_spacing << 0x5))), function at exception vector 24 too large)

.vector_25      0x9fc01520        0x8
 *(.vector_25)
 .vector_25     0x9fc01520        0x8 d:/program files - hdd/mplab compiler x32/bin/bin/../../lib/gcc/pic32mx/4.8.3/../../../../pic32mx/lib\libpic32.a(vector25.o)
                0x9fc01520                __vector_dispatch_25
                0x00000001                ASSERT (((_vector_spacing == 0x0) || (SIZEOF (.vector_25) <= (_vector_spacing << 0x5))), function at exception vector 25 too large)

.vector_26      0x9fc01540        0x8
 *(.vector_26)
 .vector_26     0x9fc01540        0x8 d:/program files - hdd/mplab compiler x32/bin/bin/../../lib/gcc/pic32mx/4.8.3/../../../../pic32mx/lib\libpic32.a(vector26.o)
                0x9fc01540                __vector_dispatch_26
                0x00000001                ASSERT (((_vector_spacing == 0x0) || (SIZEOF (.vector_26) <= (_vector_spacing << 0x5))), function at exception vector 26 too large)

.vector_27      0x9fc01560        0x8
 *(.vector_27)
 .vector_27     0x9fc01560        0x8 d:/program files - hdd/mplab compiler x32/bin/bin/../../lib/gcc/pic32mx/4.8.3/../../../../pic32mx/lib\libpic32.a(vector27.o)
                0x9fc01560                __vector_dispatch_27
                0x00000001                ASSERT (((_vector_spacing == 0x0) || (SIZEOF (.vector_27) <= (_vector_spacing << 0x5))), function at exception vector 27 too large)

.vector_28      0x9fc01580        0x8
 *(.vector_28)
 .vector_28     0x9fc01580        0x8 d:/program files - hdd/mplab compiler x32/bin/bin/../../lib/gcc/pic32mx/4.8.3/../../../../pic32mx/lib\libpic32.a(vector28.o)
                0x9fc01580                __vector_dispatch_28
                0x00000001                ASSERT (((_vector_spacing == 0x0) || (SIZEOF (.vector_28) <= (_vector_spacing << 0x5))), function at exception vector 28 too large)

.vector_29      0x9fc015a0        0x8
 *(.vector_29)
 .vector_29     0x9fc015a0        0x8 d:/program files - hdd/mplab compiler x32/bin/bin/../../lib/gcc/pic32mx/4.8.3/../../../../pic32mx/lib\libpic32.a(vector29.o)
                0x9fc015a0                __vector_dispatch_29
                0x00000001                ASSERT (((_vector_spacing == 0x0) || (SIZEOF (.vector_29) <= (_vector_spacing << 0x5))), function at exception vector 29 too large)

.vector_30      0x9fc015c0        0x8
 *(.vector_30)
 .vector_30     0x9fc015c0        0x8 d:/program files - hdd/mplab compiler x32/bin/bin/../../lib/gcc/pic32mx/4.8.3/../../../../pic32mx/lib\libpic32.a(vector30.o)
                0x9fc015c0                __vector_dispatch_30
                0x00000001                ASSERT (((_vector_spacing == 0x0) || (SIZEOF (.vector_30) <= (_vector_spacing << 0x5))), function at exception vector 30 too large)

.vector_31      0x9fc015e0        0x8
 *(.vector_31)
 .vector_31     0x9fc015e0        0x8 d:/program files - hdd/mplab compiler x32/bin/bin/../../lib/gcc/pic32mx/4.8.3/../../../../pic32mx/lib\libpic32.a(vector31.o)
                0x9fc015e0                __vector_dispatch_31
                0x00000001                ASSERT (((_vector_spacing == 0x0) || (SIZEOF (.vector_31) <= (_vector_spacing << 0x5))), function at exception vector 31 too large)

.vector_32      0x9fc01600        0x8
 *(.vector_32)
 .vector_32     0x9fc01600        0x8 d:/program files - hdd/mplab compiler x32/bin/bin/../../lib/gcc/pic32mx/4.8.3/../../../../pic32mx/lib\libpic32.a(vector32.o)
                0x9fc01600                __vector_dispatch_32
                0x00000001                ASSERT (((_vector_spacing == 0x0) || (SIZEOF (.vector_32) <= (_vector_spacing << 0x5))), function at exception vector 32 too large)

.vector_33      0x9fc01620        0x8
 *(.vector_33)
 .vector_33     0x9fc01620        0x8 build/default/production/_ext/1472/Notice.o
                0x9fc01620                __vector_dispatch_33
                0x00000001                ASSERT (((_vector_spacing == 0x0) || (SIZEOF (.vector_33) <= (_vector_spacing << 0x5))), function at exception vector 33 too large)

.vector_34      0x9fc01640        0x8
 *(.vector_34)
 .vector_34     0x9fc01640        0x8 d:/program files - hdd/mplab compiler x32/bin/bin/../../lib/gcc/pic32mx/4.8.3/../../../../pic32mx/lib\libpic32.a(vector34.o)
                0x9fc01640                __vector_dispatch_34
                0x00000001                ASSERT (((_vector_spacing == 0x0) || (SIZEOF (.vector_34) <= (_vector_spacing << 0x5))), function at exception vector 34 too large)

.vector_35      0x9fc01660        0x8
 *(.vector_35)
 .vector_35     0x9fc01660        0x8 d:/program files - hdd/mplab compiler x32/bin/bin/../../lib/gcc/pic32mx/4.8.3/../../../../pic32mx/lib\libpic32.a(vector35.o)
                0x9fc01660                __vector_dispatch_35
                0x00000001                ASSERT (((_vector_spacing == 0x0) || (SIZEOF (.vector_35) <= (_vector_spacing << 0x5))), function at exception vector 35 too large)

.vector_36      0x9fc01680        0x8
 *(.vector_36)
 .vector_36     0x9fc01680        0x8 build/default/production/_ext/1472/uart2.o
                0x9fc01680                __vector_dispatch_36
                0x00000001                ASSERT (((_vector_spacing == 0x0) || (SIZEOF (.vector_36) <= (_vector_spacing << 0x5))), function at exception vector 36 too large)

.vector_37      0x9fc016a0        0x8
 *(.vector_37)
 .vector_37     0x9fc016a0        0x8 d:/program files - hdd/mplab compiler x32/bin/bin/../../lib/gcc/pic32mx/4.8.3/../../../../pic32mx/lib\libpic32.a(vector37.o)
                0x9fc016a0                __vector_dispatch_37
                0x00000001                ASSERT (((_vector_spacing == 0x0) || (SIZEOF (.vector_37) <= (_vector_spacing << 0x5))), function at exception vector 37 too large)

.vector_38      0x9fc016c0        0x8
 *(.vector_38)
 .vector_38     0x9fc016c0        0x8 d:/program files - hdd/mplab compiler x32/bin/bin/../../lib/gcc/pic32mx/4.8.3/../../../../pic32mx/lib\libpic32.a(vector38.o)
                0x9fc016c0                __vector_dispatch_38
                0x00000001                ASSERT (((_vector_spacing == 0x0) || (SIZEOF (.vector_38) <= (_vector_spacing << 0x5))), function at exception vector 38 too large)

.vector_39      0x9fc016e0        0x8
 *(.vector_39)
 .vector_39     0x9fc016e0        0x8 d:/program files - hdd/mplab compiler x32/bin/bin/../../lib/gcc/pic32mx/4.8.3/../../../../pic32mx/lib\libpic32.a(vector39.o)
                0x9fc016e0                __vector_dispatch_39
                0x00000001                ASSERT (((_vector_spacing == 0x0) || (SIZEOF (.vector_39) <= (_vector_spacing << 0x5))), function at exception vector 39 too large)

.vector_40      0x9fc01700        0x8
 *(.vector_40)
 .vector_40     0x9fc01700        0x8 d:/program files - hdd/mplab compiler x32/bin/bin/../../lib/gcc/pic32mx/4.8.3/../../../../pic32mx/lib\libpic32.a(vector40.o)
                0x9fc01700                __vector_dispatch_40
                0x00000001                ASSERT (((_vector_spacing == 0x0) || (SIZEOF (.vector_40) <= (_vector_spacing << 0x5))), function at exception vector 40 too large)

.vector_41      0x9fc01720        0x8
 *(.vector_41)
 .vector_41     0x9fc01720        0x8 d:/program files - hdd/mplab compiler x32/bin/bin/../../lib/gcc/pic32mx/4.8.3/../../../../pic32mx/lib\libpic32.a(vector41.o)
                0x9fc01720                __vector_dispatch_41
                0x00000001                ASSERT (((_vector_spacing == 0x0) || (SIZEOF (.vector_41) <= (_vector_spacing << 0x5))), function at exception vector 41 too large)

.vector_42      0x9fc01740        0x8
 *(.vector_42)
 .vector_42     0x9fc01740        0x8 d:/program files - hdd/mplab compiler x32/bin/bin/../../lib/gcc/pic32mx/4.8.3/../../../../pic32mx/lib\libpic32.a(vector42.o)
                0x9fc01740                __vector_dispatch_42
                0x00000001                ASSERT (((_vector_spacing == 0x0) || (SIZEOF (.vector_42) <= (_vector_spacing << 0x5))), function at exception vector 42 too large)

.vector_43      0x9fc01760        0x8
 *(.vector_43)
 .vector_43     0x9fc01760        0x8 build/default/production/_ext/1472/DMA_UART2.o
                0x9fc01760                __vector_dispatch_43
                0x00000001                ASSERT (((_vector_spacing == 0x0) || (SIZEOF (.vector_43) <= (_vector_spacing << 0x5))), function at exception vector 43 too large)

.vector_44      0x9fc01780        0x8
 *(.vector_44)
 .vector_44     0x9fc01780        0x8 d:/program files - hdd/mplab compiler x32/bin/bin/../../lib/gcc/pic32mx/4.8.3/../../../../pic32mx/lib\libpic32.a(vector44.o)
                0x9fc01780                __vector_dispatch_44
                0x00000001                ASSERT (((_vector_spacing == 0x0) || (SIZEOF (.vector_44) <= (_vector_spacing << 0x5))), function at exception vector 44 too large)

.vector_45      0x9fc017a0        0x8
 *(.vector_45)
 .vector_45     0x9fc017a0        0x8 d:/program files - hdd/mplab compiler x32/bin/bin/../../lib/gcc/pic32mx/4.8.3/../../../../pic32mx/lib\libpic32.a(vector45.o)
                0x9fc017a0                __vector_dispatch_45
                0x00000001                ASSERT (((_vector_spacing == 0x0) || (SIZEOF (.vector_45) <= (_vector_spacing << 0x5))), function at exception vector 45 too large)

.vector_46      0x9fc017c0        0x0
 *(.vector_46)
                0x00000001                ASSERT (((_vector_spacing == 0x0) || (SIZEOF (.vector_46) <= (_vector_spacing << 0x5))), function at exception vector 46 too large)

.vector_47      0x9fc017e0        0x0
 *(.vector_47)
                0x00000001                ASSERT (((_vector_spacing == 0x0) || (SIZEOF (.vector_47) <= (_vector_spacing << 0x5))), function at exception vector 47 too large)

.vector_48      0x9fc01800        0x0
 *(.vector_48)
                0x00000001                ASSERT (((_vector_spacing == 0x0) || (SIZEOF (.vector_48) <= (_vector_spacing << 0x5))), function at exception vector 48 too large)

.vector_49      0x9fc01820        0x0
 *(.vector_49)
                0x00000001                ASSERT (((_vector_spacing == 0x0) || (SIZEOF (.vector_49) <= (_vector_spacing << 0x5))), function at exception vector 49 too large)

.vector_50      0x9fc01840        0x0
 *(.vector_50)
                0x00000001                ASSERT (((_vector_spacing == 0x0) || (SIZEOF (.vector_50) <= (_vector_spacing << 0x5))), function at exception vector 50 too large)

.vector_51      0x9fc01860        0x0
 *(.vector_51)
                0x00000001                ASSERT (((_vector_spacing == 0x0) || (SIZEOF (.vector_51) <= (_vector_spacing << 0x5))), function at exception vector 51 too large)

.vector_52      0x9fc01880        0x0
 *(.vector_52)
                0x00000001                ASSERT (((_vector_spacing == 0x0) || (SIZEOF (.vector_52) <= (_vector_spacing << 0x5))), function at exception vector 52 too large)

.vector_53      0x9fc018a0        0x0
 *(.vector_53)
                0x00000001                ASSERT (((_vector_spacing == 0x0) || (SIZEOF (.vector_53) <= (_vector_spacing << 0x5))), function at exception vector 53 too large)

.vector_54      0x9fc018c0        0x0
 *(.vector_54)
                0x00000001                ASSERT (((_vector_spacing == 0x0) || (SIZEOF (.vector_54) <= (_vector_spacing << 0x5))), function at exception vector 54 too large)

.vector_55      0x9fc018e0        0x0
 *(.vector_55)
                0x00000001                ASSERT (((_vector_spacing == 0x0) || (SIZEOF (.vector_55) <= (_vector_spacing << 0x5))), function at exception vector 55 too large)

.vector_56      0x9fc01900        0x0
 *(.vector_56)
                0x00000001                ASSERT (((_vector_spacing == 0x0) || (SIZEOF (.vector_56) <= (_vector_spacing << 0x5))), function at exception vector 56 too large)

.vector_57      0x9fc01920        0x0
 *(.vector_57)
                0x00000001                ASSERT (((_vector_spacing == 0x0) || (SIZEOF (.vector_57) <= (_vector_spacing << 0x5))), function at exception vector 57 too large)

.vector_58      0x9fc01940        0x0
 *(.vector_58)
                0x00000001                ASSERT (((_vector_spacing == 0x0) || (SIZEOF (.vector_58) <= (_vector_spacing << 0x5))), function at exception vector 58 too large)

.vector_59      0x9fc01960        0x0
 *(.vector_59)
                0x00000001                ASSERT (((_vector_spacing == 0x0) || (SIZEOF (.vector_59) <= (_vector_spacing << 0x5))), function at exception vector 59 too large)

.vector_60      0x9fc01980        0x0
 *(.vector_60)
                0x00000001                ASSERT (((_vector_spacing == 0x0) || (SIZEOF (.vector_60) <= (_vector_spacing << 0x5))), function at exception vector 60 too large)

.vector_61      0x9fc019a0        0x0
 *(.vector_61)
                0x00000001                ASSERT (((_vector_spacing == 0x0) || (SIZEOF (.vector_61) <= (_vector_spacing << 0x5))), function at exception vector 61 too large)

.vector_62      0x9fc019c0        0x0
 *(.vector_62)
                0x00000001                ASSERT (((_vector_spacing == 0x0) || (SIZEOF (.vector_62) <= (_vector_spacing << 0x5))), function at exception vector 62 too large)

.vector_63      0x9fc019e0        0x0
 *(.vector_63)
                0x00000001                ASSERT (((_vector_spacing == 0x0) || (SIZEOF (.vector_63) <= (_vector_spacing << 0x5))), function at exception vector 63 too large)

.startup
 *(.startup)

.text           0x9d000000        0x0
 *(.stub .gnu.linkonce.t.*)
 *(.text.*personality*)
 *(.mips16.fn.*)
 *(.mips16.call.*)
 *(.gnu.warning)
                0x9d000000                . = ALIGN (0x4)

.init           0x9d000000        0x0
 *crti.o(.init)
 *crtbegin.o(.init)
 *(EXCLUDE_FILE(*crtn.o *crtend?.o *crtend.o) .init)
 *crtend.o(.init)
 *crtn.o(.init)
                0x9d000000                . = ALIGN (0x4)

.fini           0x9d000000        0x0
 *(.fini)
                0x9d000000                . = ALIGN (0x4)

.preinit_array  0x9d000000        0x0
                0x9d000000                PROVIDE (__preinit_array_start, .)
 *(.preinit_array)
                0x9d000000                PROVIDE (__preinit_array_end, .)
                0x9d000000                . = ALIGN (0x4)

.init_array     0x9d000000        0x0
                0x9d000000                PROVIDE (__init_array_start, .)
 *(SORT(.init_array.*))
 *(.init_array)
                0x9d000000                PROVIDE (__init_array_end, .)
                0x9d000000                . = ALIGN (0x4)

.fini_array     0x9d000000        0x0
                0x9d000000                PROVIDE (__fini_array_start, .)
 *(SORT(.fini_array.*))
 *(.fini_array)
                0x9d000000                PROVIDE (__fini_array_end, .)
                0x9d000000                . = ALIGN (0x4)

.ctors          0x9d000000        0x0
 *crtbegin.o(.ctors)
 *crtbegin?.o(.ctors)
 *(EXCLUDE_FILE(*crtend?.o *crtend.o) .ctors)
 *(SORT(.ctors.*))
 *(.ctors)
                0x9d000000                . = ALIGN (0x4)

.dtors          0x9d000000        0x0
 *crtbegin.o(.dtors)
 *crtbegin?.o(.dtors)
 *(EXCLUDE_FILE(*crtend?.o *crtend.o) .dtors)
 *(SORT(.dtors.*))
 *(.dtors)
                0x9d000000                . = ALIGN (0x4)

.rodata         0x9d000000        0x0
 *(.gnu.linkonce.r.*)
 *(.rodata1)
                0x9d000000                . = ALIGN (0x4)

.sdata2         0x9fc00490        0x0
 *(.sdata2 .sdata2.* .gnu.linkonce.s2.*)
                0x9fc00490                . = ALIGN (0x4)

.sbss2          0x9fc00490        0x0
 *(.sbss2 .sbss2.* .gnu.linkonce.sb2.*)
                0x9fc00490                . = ALIGN (0x4)

.eh_frame_hdr
 *(.eh_frame_hdr)
                0x9fc00490                . = ALIGN (0x4)

.eh_frame
 *(.eh_frame)
                0x9fc00490                . = ALIGN (0x4)

.gcc_except_table
 *(.gcc_except_table .gcc_except_table.*)
                0x9fc00490                . = ALIGN (0x4)

.dbg_data       0xa0000000        0x0
                0xa0000000                . = (. + DEFINED (_DEBUGGER)?0x200:0x0)

.jcr            0xa0000000        0x0
 *(.jcr)
                0xa0000000                . = ALIGN (0x4)

.eh_frame
 *(.eh_frame)
                0xa0000000                . = ALIGN (0x4)

.gcc_except_table
 *(.gcc_except_table .gcc_except_table.*)
                0xa0000000                . = ALIGN (0x4)

.persist        0xa0000000        0x0
                0xa0000000                _persist_begin = .
 *(.persist .persist.*)
 *(.pbss .pbss.*)
                0xa0000000                . = ALIGN (0x4)
                0xa0000000                _persist_end = .

.data           0xa0000000        0x0
 *(.gnu.linkonce.d.*)
 *(.data1)
                0xa0000000                . = ALIGN (0x4)
                0xa0000000                . = .
                0xa0007ff0                _gp = (ALIGN (0x10) + 0x7ff0)

.got            0xa0000000        0x0
 *(.got.plt)
 *(.got)
                0xa0000000                . = ALIGN (0x4)

.sdata          0xa0000000       0x28
                0xa0000000                _sdata_begin = .
 *(.sdata .sdata.* .gnu.linkonce.s.*)
 .sdata         0xa0000000        0x8 build/default/production/_ext/1472/hardware.o
 .sdata         0xa0000008        0x4 build/default/production/_ext/1472/led7.o
 .sdata         0xa000000c        0x4 build/default/production/_ext/1472/uart2.o
 .sdata         0xa0000010        0x4 build/default/production/_ext/1472/uart4.o
 .sdata         0xa0000014        0xc build/default/production/_ext/1472/RC.o
                0xa0000014                RC1Pos
 .sdata         0xa0000020        0x4 build/default/production/_ext/1472/DMA_UART2.o
                0xa0000020                dmaChn
 .sdata         0xa0000024        0x4 d:/program files - hdd/mplab compiler x32/bin/bin/../../lib/gcc/pic32mx/4.8.3/../../../../pic32mx/lib\libpic32.a(xc32_uart.o)
                0xa0000024                __XC_UART
                0xa0000028                . = ALIGN (0x4)
                0xa0000028                _sdata_end = .

.lit8
 *(.lit8)

.lit4
 *(.lit4)
                0xa0000028                . = ALIGN (0x4)
                0xa0000028                _data_end = .
                0xa0000028                _bss_begin = .

.sbss           0xa0000028       0xb8
                0xa0000028                _sbss_begin = .
 *(.dynsbss)
 *(.sbss .sbss.* .gnu.linkonce.sb.*)
 .sbss          0xa0000028        0x4 build/default/production/_ext/1472/hardware.o
                0xa0000028                millisec
 .sbss          0xa000002c        0xc build/default/production/_ext/1472/led7.o
                0xa000002c                led_value
                0xa0000030                led_flag
 .sbss          0xa0000038        0x8 build/default/production/_ext/1472/main.o
                0xa000003c                gps_message
 .sbss          0xa0000040        0xc build/default/production/_ext/1472/swDelay.o
 .sbss          0xa000004c        0xc build/default/production/_ext/1472/uart2.o
 .sbss          0xa0000058        0xc build/default/production/_ext/1472/uart4.o
 .sbss          0xa0000064       0x14 build/default/production/_ext/1472/RC.o
 .sbss          0xa0000078        0xc build/default/production/_ext/1472/GPS_I2C.o
 .sbss          0xa0000084        0x8 build/default/production/_ext/1472/Gamepad.o
 .sbss          0xa000008c        0x8 build/default/production/_ext/1472/ADC_TEMP.o
 .sbss          0xa0000094        0x8 build/default/production/_ext/1472/Notice.o
                0xa0000094                Status1
                0xa0000098                Status2
 .sbss          0xa000009c        0x4 build/default/production/_ext/1472/DMA_UART2.o
                0xa000009c                DmaIntFlag
 .sbss          0xa00000a0       0x20 build/default/production/_ext/1472/MAG3110.o
 .sbss          0xa00000c0        0x4 build/default/production/_ext/1472/Stepper.o
 *(.scommon)
 .scommon       0xa00000c4        0x0 build/default/production/_ext/1472/LCDlib.o
 .scommon       0xa00000c4        0x0 build/default/production/_ext/1472/led7.o
 .scommon       0xa00000c4        0x8 build/default/production/_ext/1472/main.o
                0xa00000c4                calibrated
                0xa00000c8                error
 .scommon       0xa00000cc        0x0 build/default/production/_ext/1472/swDelay.o
 .scommon       0xa00000cc        0x0 build/default/production/_ext/1472/uart2.o
 .scommon       0xa00000cc        0x0 build/default/production/_ext/1472/uart4.o
 .scommon       0xa00000cc        0x0 build/default/production/_ext/1472/RC.o
 .scommon       0xa00000cc        0x0 build/default/production/_ext/1472/Pot.o
 .scommon       0xa00000cc        0x0 build/default/production/_ext/1472/GPS_I2C.o
 .scommon       0xa00000cc        0x0 build/default/production/_ext/1472/i2c_lib.o
 .scommon       0xa00000cc        0x0 build/default/production/_ext/1472/Gamepad.o
 .scommon       0xa00000cc        0x0 build/default/production/_ext/1472/ADC_TEMP.o
 .scommon       0xa00000cc        0x0 build/default/production/_ext/1472/Notice.o
 .scommon       0xa00000cc        0x0 build/default/production/_ext/1472/DMA_UART2.o
 .scommon       0xa00000cc        0x6 build/default/production/_ext/1472/MAG3110.o
                0xa00000cc                x
                0xa00000ce                z
                0xa00000d0                y
 *fill*         0xa00000d2        0x2 
 .scommon       0xa00000d4        0xc build/default/production/_ext/1472/Stepper.o
                0xa00000d4                deg
                0xa00000d8                angle
                0xa00000dc                smPos
                0xa00000e0                _sbss_end = .
                0xa00000e0                . = ALIGN (0x4)

.bss            0xa00000e0      0x358
 *(.dynbss)
 *(COMMON)
 COMMON         0xa00000e0       0x2c build/default/production/_ext/1472/main.o
                0xa00000e0                gps
 COMMON         0xa000010c       0x20 build/default/production/_ext/1472/RC.o
                0xa000010c                rc
                0xa000011c                rc_set
 COMMON         0xa000012c      0x309 build/default/production/_ext/1472/DMA_UART2.o
                0xa000012c                dmaBuff
                0xa0000230                dmaBuff1
                0xa0000334                dmaBuff2
                0xa0000438                . = ALIGN ((. != 0x0)?0x4:0x1)
 *fill*         0xa0000435        0x3 
                0xa0000438                . = ALIGN (0x4)
                0xa0000438                _end = .
                0xa0000438                _bss_end = .
                0x00020000                _bmxdudba_address = 0x20000
                0x00020000                _bmxdupba_address = 0x20000

/DISCARD/
 *(.pdr)
 *(.rel.dyn)
 *(.note.GNU-stack)
 *(.note.GNU-stack)
 *(.gnu_debuglink)
 *(.gnu.lto_*)
 *(.discard)

.gptab.sdata
 *(.gptab.data)
 *(.gptab.sdata)

.gptab.sbss
 *(.gptab.bss)
 *(.gptab.sbss)

.mdebug.abi32   0xa0000438        0x0
 *(.mdebug.abi32)
 .mdebug.abi32  0xa0000438        0x0 build/default/production/_ext/1472/LCDlib.o
 .mdebug.abi32  0xa0000438        0x0 build/default/production/_ext/1472/hardware.o
 .mdebug.abi32  0xa0000438        0x0 build/default/production/_ext/1472/led7.o
 .mdebug.abi32  0xa0000438        0x0 build/default/production/_ext/1472/main.o
 .mdebug.abi32  0xa0000438        0x0 build/default/production/_ext/1472/swDelay.o
 .mdebug.abi32  0xa0000438        0x0 build/default/production/_ext/1472/uart2.o
 .mdebug.abi32  0xa0000438        0x0 build/default/production/_ext/1472/uart4.o
 .mdebug.abi32  0xa0000438        0x0 build/default/production/_ext/1472/RC.o
 .mdebug.abi32  0xa0000438        0x0 build/default/production/_ext/1472/Pot.o
 .mdebug.abi32  0xa0000438        0x0 build/default/production/_ext/1472/GPS_I2C.o
 .mdebug.abi32  0xa0000438        0x0 build/default/production/_ext/1472/i2c_lib.o
 .mdebug.abi32  0xa0000438        0x0 build/default/production/_ext/1472/Gamepad.o
 .mdebug.abi32  0xa0000438        0x0 build/default/production/_ext/1472/ADC_TEMP.o
 .mdebug.abi32  0xa0000438        0x0 build/default/production/_ext/1472/CycleData.o
 .mdebug.abi32  0xa0000438        0x0 build/default/production/_ext/1472/Notice.o
 .mdebug.abi32  0xa0000438        0x0 build/default/production/_ext/1472/DMA_UART2.o
 .mdebug.abi32  0xa0000438        0x0 build/default/production/_ext/1472/MAG3110.o
 .mdebug.abi32  0xa0000438        0x0 build/default/production/_ext/1472/Stepper.o
 .mdebug.abi32  0xa0000438        0x0 d:/program files - hdd/mplab compiler x32/bin/bin/../../lib/gcc/pic32mx/4.8.3/../../../../pic32mx/lib\libmchp_peripheral.a(read_core_timer_lib.o)
 .mdebug.abi32  0xa0000438        0x0 d:/program files - hdd/mplab compiler x32/bin/bin/../../lib/gcc/pic32mx/4.8.3/../../../../pic32mx/lib\libmchp_peripheral_32MX370F512L.a(pcache.o)
 .mdebug.abi32  0xa0000438        0x0 d:/program files - hdd/mplab compiler x32/bin/bin/../../lib/gcc/pic32mx/4.8.3/../../../../pic32mx/lib\libmchp_peripheral_32MX370F512L.a(int_configure_system_lib.o)
 .mdebug.abi32  0xa0000438        0x0 d:/program files - hdd/mplab compiler x32/bin/bin/../../lib/gcc/pic32mx/4.8.3/../../../../pic32mx/lib\libmchp_peripheral_32MX370F512L.a(int_enable_interrupts_lib.o)
 .mdebug.abi32  0xa0000438        0x0 d:/program files - hdd/mplab compiler x32/bin/bin/../../lib/gcc/pic32mx/4.8.3/../../../../pic32mx/lib\libmchp_peripheral_32MX370F512L.a(int_disable_interrupts_lib.o)
 .mdebug.abi32  0xa0000438        0x0 d:/program files - hdd/mplab compiler x32/bin/bin/../../lib/gcc/pic32mx/4.8.3/../../../../pic32mx/lib\libmchp_peripheral_32MX370F512L.a(int_restore_interrupts_lib.o)
 .mdebug.abi32  0xa0000438        0x0 d:/program files - hdd/mplab compiler x32/bin/bin/../../lib/gcc/pic32mx/4.8.3/../../../../pic32mx/lib\libmchp_peripheral_32MX370F512L.a(int_tbl_lib.o)
 .mdebug.abi32  0xa0000438        0x0 d:/program files - hdd/mplab compiler x32/bin/bin/../../lib/gcc/pic32mx/4.8.3/../../../../pic32mx/lib\libmchp_peripheral_32MX370F512L.a(dma_chn_set_ev_enable_flags_lib.o)
 .mdebug.abi32  0xa0000438        0x0 d:/program files - hdd/mplab compiler x32/bin/bin/../../lib/gcc/pic32mx/4.8.3/../../../../pic32mx/lib\libmchp_peripheral_32MX370F512L.a(dma_chn_open_lib.o)
 .mdebug.abi32  0xa0000438        0x0 d:/program files - hdd/mplab compiler x32/bin/bin/../../lib/gcc/pic32mx/4.8.3/../../../../pic32mx/lib\libmchp_peripheral_32MX370F512L.a(dma_chn_enable_lib.o)
 .mdebug.abi32  0xa0000438        0x0 d:/program files - hdd/mplab compiler x32/bin/bin/../../lib/gcc/pic32mx/4.8.3/../../../../pic32mx/lib\libmchp_peripheral_32MX370F512L.a(dma_chn_get_ev_flags_lib.o)
 .mdebug.abi32  0xa0000438        0x0 d:/program files - hdd/mplab compiler x32/bin/bin/../../lib/gcc/pic32mx/4.8.3/../../../../pic32mx/lib\libmchp_peripheral_32MX370F512L.a(dma_chn_write_event_control_flags_lib.o)
 .mdebug.abi32  0xa0000438        0x0 d:/program files - hdd/mplab compiler x32/bin/bin/../../lib/gcc/pic32mx/4.8.3/../../../../pic32mx/lib\libmchp_peripheral_32MX370F512L.a(dma_chn_set_match_pattern_lib.o)
 .mdebug.abi32  0xa0000438        0x0 d:/program files - hdd/mplab compiler x32/bin/bin/../../lib/gcc/pic32mx/4.8.3/../../../../pic32mx/lib\libmchp_peripheral_32MX370F512L.a(dma_chn_set_txfer_lib.o)
 .mdebug.abi32  0xa0000438        0x0 d:/program files - hdd/mplab compiler x32/bin/bin/../../lib/gcc/pic32mx/4.8.3/../../../../pic32mx/lib\libmchp_peripheral_32MX370F512L.a(dma_reg_map_tbl_lib.o)
 .mdebug.abi32  0xa0000438        0x0 d:/program files - hdd/mplab compiler x32/bin/bin/../../lib/gcc/pic32mx/4.8.3/../../../../pic32mx/lib\libmchp_peripheral_32MX370F512L.a(port_set_pins_digital_in_lib.o)
 .mdebug.abi32  0xa0000438        0x0 d:/program files - hdd/mplab compiler x32/bin/bin/../../lib/gcc/pic32mx/4.8.3/../../../../pic32mx/lib\libmchp_peripheral_32MX370F512L.a(port_set_pins_digital_out_lib.o)
 .mdebug.abi32  0xa0000438        0x0 d:/program files - hdd/mplab compiler x32/bin/bin/../../lib/gcc/pic32mx/4.8.3/../../../../pic32mx/lib\libmchp_peripheral_32MX370F512L.a(_ports_tbl_libp.o)
 .mdebug.abi32  0xa0000438        0x0 d:/program files - hdd/mplab compiler x32/bin/bin/../../lib/gcc/pic32mx/4.8.3/../../../../pic32mx/lib\libmchp_peripheral_32MX370F512L.a(uart_lib.o)
 .mdebug.abi32  0xa0000438        0x0 d:/program files - hdd/mplab compiler x32/bin/bin/../../lib/gcc/pic32mx/4.8.3/../../../../pic32mx/lib\libmchp_peripheral_32MX370F512L.a(I2CAcknowledgeByte.o)
 .mdebug.abi32  0xa0000438        0x0 d:/program files - hdd/mplab compiler x32/bin/bin/../../lib/gcc/pic32mx/4.8.3/../../../../pic32mx/lib\libmchp_peripheral_32MX370F512L.a(I2CAcknowledgeHasCompleted.o)
 .mdebug.abi32  0xa0000438        0x0 d:/program files - hdd/mplab compiler x32/bin/bin/../../lib/gcc/pic32mx/4.8.3/../../../../pic32mx/lib\libmchp_peripheral_32MX370F512L.a(I2CBusIsIdle.o)
 .mdebug.abi32  0xa0000438        0x0 d:/program files - hdd/mplab compiler x32/bin/bin/../../lib/gcc/pic32mx/4.8.3/../../../../pic32mx/lib\libmchp_peripheral_32MX370F512L.a(I2CByteWasAcknowledged.o)
 .mdebug.abi32  0xa0000438        0x0 d:/program files - hdd/mplab compiler x32/bin/bin/../../lib/gcc/pic32mx/4.8.3/../../../../pic32mx/lib\libmchp_peripheral_32MX370F512L.a(I2CEnable.o)
 .mdebug.abi32  0xa0000438        0x0 d:/program files - hdd/mplab compiler x32/bin/bin/../../lib/gcc/pic32mx/4.8.3/../../../../pic32mx/lib\libmchp_peripheral_32MX370F512L.a(I2CGetByte.o)
 .mdebug.abi32  0xa0000438        0x0 d:/program files - hdd/mplab compiler x32/bin/bin/../../lib/gcc/pic32mx/4.8.3/../../../../pic32mx/lib\libmchp_peripheral_32MX370F512L.a(I2CGetStatus.o)
 .mdebug.abi32  0xa0000438        0x0 d:/program files - hdd/mplab compiler x32/bin/bin/../../lib/gcc/pic32mx/4.8.3/../../../../pic32mx/lib\libmchp_peripheral_32MX370F512L.a(I2CReceivedDataIsAvailable.o)
 .mdebug.abi32  0xa0000438        0x0 d:/program files - hdd/mplab compiler x32/bin/bin/../../lib/gcc/pic32mx/4.8.3/../../../../pic32mx/lib\libmchp_peripheral_32MX370F512L.a(I2CReceiverEnable.o)
 .mdebug.abi32  0xa0000438        0x0 d:/program files - hdd/mplab compiler x32/bin/bin/../../lib/gcc/pic32mx/4.8.3/../../../../pic32mx/lib\libmchp_peripheral_32MX370F512L.a(I2CRepeatStart.o)
 .mdebug.abi32  0xa0000438        0x0 d:/program files - hdd/mplab compiler x32/bin/bin/../../lib/gcc/pic32mx/4.8.3/../../../../pic32mx/lib\libmchp_peripheral_32MX370F512L.a(I2CSendByte.o)
 .mdebug.abi32  0xa0000438        0x0 d:/program files - hdd/mplab compiler x32/bin/bin/../../lib/gcc/pic32mx/4.8.3/../../../../pic32mx/lib\libmchp_peripheral_32MX370F512L.a(I2CSetFrequency.o)
 .mdebug.abi32  0xa0000438        0x0 d:/program files - hdd/mplab compiler x32/bin/bin/../../lib/gcc/pic32mx/4.8.3/../../../../pic32mx/lib\libmchp_peripheral_32MX370F512L.a(I2CStart.o)
 .mdebug.abi32  0xa0000438        0x0 d:/program files - hdd/mplab compiler x32/bin/bin/../../lib/gcc/pic32mx/4.8.3/../../../../pic32mx/lib\libmchp_peripheral_32MX370F512L.a(I2CStop.o)
 .mdebug.abi32  0xa0000438        0x0 d:/program files - hdd/mplab compiler x32/bin/bin/../../lib/gcc/pic32mx/4.8.3/../../../../pic32mx/lib\libmchp_peripheral_32MX370F512L.a(I2CTransmissionHasCompleted.o)
 .mdebug.abi32  0xa0000438        0x0 d:/program files - hdd/mplab compiler x32/bin/bin/../../lib/gcc/pic32mx/4.8.3/../../../../pic32mx/lib\libmchp_peripheral_32MX370F512L.a(I2CTransmitterIsReady.o)
 .mdebug.abi32  0xa0000438        0x0 d:/program files - hdd/mplab compiler x32/bin/bin/../../lib/gcc/pic32mx/4.8.3/../../../../pic32mx/lib\libmchp_peripheral_32MX370F512L.a(I2CPrivate.o)
 .mdebug.abi32  0xa0000438        0x0 d:/program files - hdd/mplab compiler x32/bin/bin/../../lib/gcc/pic32mx/4.8.3/../../../../pic32mx/lib\libpic32.a(default-bootstrap-exception-handler.o)
 .mdebug.abi32  0xa0000438        0x0 d:/program files - hdd/mplab compiler x32/bin/bin/../../lib/gcc/pic32mx/4.8.3/../../../../pic32mx/lib\libpic32.a(default-on-reset.o)
 .mdebug.abi32  0xa0000438        0x0 d:/program files - hdd/mplab compiler x32/bin/bin/../../lib/gcc/pic32mx/4.8.3/../../../../pic32mx/lib\libpic32.a(default-on-bootstrap.o)
 .mdebug.abi32  0xa0000438        0x0 d:/program files - hdd/mplab compiler x32/bin/bin/../../lib/gcc/pic32mx/4.8.3/../../../../pic32mx/lib\libpic32.a(default-general-exception-handler.o)
 .mdebug.abi32  0xa0000438        0x0 d:/program files - hdd/mplab compiler x32/bin/bin/../../lib/gcc/pic32mx/4.8.3/../../../../pic32mx/lib\libpic32.a(defaultinterrupt.o)
 .mdebug.abi32  0xa0000438        0x0 d:/program files - hdd/mplab compiler x32/bin/bin/../../lib/gcc/pic32mx/4.8.3/../../../../pic32mx/lib\libc.a(ctype.o)
 .mdebug.abi32  0xa0000438        0x0 d:/program files - hdd/mplab compiler x32/bin/bin/../../lib/gcc/pic32mx/4.8.3/../../../../pic32mx/lib\libc.a(puts.o)
 .mdebug.abi32  0xa0000438        0x0 d:/program files - hdd/mplab compiler x32/bin/bin/../../lib/gcc/pic32mx/4.8.3/../../../../pic32mx/lib\libc.a(strchr.o)
 .mdebug.abi32  0xa0000438        0x0 d:/program files - hdd/mplab compiler x32/bin/bin/../../lib/gcc/pic32mx/4.8.3/../../../../pic32mx/lib\libc.a(strstr.o)
 .mdebug.abi32  0xa0000438        0x0 d:/program files - hdd/mplab compiler x32/bin/bin/../../lib/gcc/pic32mx/4.8.3/../../../../pic32mx/lib\libc.a(strtol.o)
 .mdebug.abi32  0xa0000438        0x0 d:/program files - hdd/mplab compiler x32/bin/bin/../../lib/gcc/pic32mx/4.8.3/../../../../pic32mx/lib\libc.a(printf_cdfFnopsuxX.eo)
 .mdebug.abi32  0xa0000438        0x0 d:/program files - hdd/mplab compiler x32/bin/bin/../../lib/gcc/pic32mx/4.8.3/../../../../pic32mx/lib\libc.a(sprintf_cdnopuxX.eo)
 .mdebug.abi32  0xa0000438        0x0 d:/program files - hdd/mplab compiler x32/bin/bin/../../lib/gcc/pic32mx/4.8.3/../../../../pic32mx/lib\libc.a(sscanf_cdfFnopuxX.eo)
 .mdebug.abi32  0xa0000438        0x0 d:/program files - hdd/mplab compiler x32/bin/bin/../../lib/gcc/pic32mx/4.8.3/../../../../pic32mx/lib\libc.a(_iob.o)
 .mdebug.abi32  0xa0000438        0x0 d:/program files - hdd/mplab compiler x32/bin/bin/../../lib/gcc/pic32mx/4.8.3/../../../../pic32mx/lib\libc.a(_fputc_simple.o)
 .mdebug.abi32  0xa0000438        0x0 d:/program files - hdd/mplab compiler x32/bin/bin/../../lib/gcc/pic32mx/4.8.3/../../../../pic32mx/lib\libc.a(ctypef.o)
 .mdebug.abi32  0xa0000438        0x0 d:/program files - hdd/mplab compiler x32/bin/bin/../../lib/gcc/pic32mx/4.8.3/../../../../pic32mx/lib\libc.a(errno.o)
 .mdebug.abi32  0xa0000438        0x0 d:/program files - hdd/mplab compiler x32/bin/bin/../../lib/gcc/pic32mx/4.8.3/../../../../pic32mx/lib\libc.a(strncmp.o)
 .mdebug.abi32  0xa0000438        0x0 d:/program files - hdd/mplab compiler x32/bin/bin/../../lib/gcc/pic32mx/4.8.3/../../../../pic32mx/lib\libc.a(doprnt_cdfFnopsuxX.eo)
 .mdebug.abi32  0xa0000438        0x0 d:/program files - hdd/mplab compiler x32/bin/bin/../../lib/gcc/pic32mx/4.8.3/../../../../pic32mx/lib\libc.a(doscan_cdfFnopuxX.eo)
 .mdebug.abi32  0xa0000438        0x0 d:/program files - hdd/mplab compiler x32/bin/bin/../../lib/gcc/pic32mx/4.8.3/../../../../pic32mx/lib\libc.a(_flsbuf_simple.o)
 .mdebug.abi32  0xa0000438        0x0 d:/program files - hdd/mplab compiler x32/bin/bin/../../lib/gcc/pic32mx/4.8.3/../../../../pic32mx/lib\libc.a(fgetc.o)
 .mdebug.abi32  0xa0000438        0x0 d:/program files - hdd/mplab compiler x32/bin/bin/../../lib/gcc/pic32mx/4.8.3/../../../../pic32mx/lib\libc.a(atoi.o)
 .mdebug.abi32  0xa0000438        0x0 d:/program files - hdd/mplab compiler x32/bin/bin/../../lib/gcc/pic32mx/4.8.3/../../../../pic32mx/lib\libc.a(ldpowers.o)
 .mdebug.abi32  0xa0000438        0x0 d:/program files - hdd/mplab compiler x32/bin/bin/../../lib/gcc/pic32mx/4.8.3/../../../../pic32mx/lib\libc.a(strtod.o)
 .mdebug.abi32  0xa0000438        0x0 d:/program files - hdd/mplab compiler x32/bin/bin/../../lib/gcc/pic32mx/4.8.3/../../../../pic32mx/lib\libc.a(strtof.o)
 .mdebug.abi32  0xa0000438        0x0 d:/program files - hdd/mplab compiler x32/bin/bin/../../lib/gcc/pic32mx/4.8.3/../../../../pic32mx/lib\libc.a(ungetc.o)
 .mdebug.abi32  0xa0000438        0x0 d:/program files - hdd/mplab compiler x32/bin/bin/../../lib/gcc/pic32mx/4.8.3/../../../../pic32mx/lib\libc.a(filbuf.o)
 .mdebug.abi32  0xa0000438        0x0 d:/program files - hdd/mplab compiler x32/bin/bin/../../lib/gcc/pic32mx/4.8.3/../../../../pic32mx/lib\libc.a(fflush.o)
 .mdebug.abi32  0xa0000438        0x0 d:/program files - hdd/mplab compiler x32/bin/bin/../../lib/gcc/pic32mx/4.8.3/../../../../pic32mx/lib\libm.a(w_atan2f.o)
 .mdebug.abi32  0xa0000438        0x0 d:/program files - hdd/mplab compiler x32/bin/bin/../../lib/gcc/pic32mx/4.8.3/../../../../pic32mx/lib\libm.a(__strtod.o)
 .mdebug.abi32  0xa0000438        0x0 d:/program files - hdd/mplab compiler x32/bin/bin/../../lib/gcc/pic32mx/4.8.3/../../../../pic32mx/lib\libm.a(__strtof.o)
 .mdebug.abi32  0xa0000438        0x0 d:/program files - hdd/mplab compiler x32/bin/bin/../../lib/gcc/pic32mx/4.8.3/../../../../pic32mx/lib\libm.a(support.o)
 .mdebug.abi32  0xa0000438        0x0 d:/program files - hdd/mplab compiler x32/bin/bin/../../lib/gcc/pic32mx/4.8.3/../../../../pic32mx/lib\libe.a(_fixunsdfdi.o)
 .mdebug.abi32  0xa0000438        0x0 d:/program files - hdd/mplab compiler x32/bin/bin/../../lib/gcc/pic32mx/4.8.3/../../../../pic32mx/lib\libe.a(_orderdf2.o)
 .mdebug.abi32  0xa0000438        0x0 d:/program files - hdd/mplab compiler x32/bin/bin/../../lib/gcc/pic32mx/4.8.3/../../../../pic32mx/lib\libe.a(_ldexp.o)
 .mdebug.abi32  0xa0000438        0x0 d:/program files - hdd/mplab compiler x32/bin/bin/../../lib/gcc/pic32mx/4.8.3/../../../../pic32mx/lib\libe.a(_ldexpf.o)
 .mdebug.abi32  0xa0000438        0x0 d:/program files - hdd/mplab compiler x32/bin/bin/../../lib/gcc/pic32mx/4.8.3/../../../../pic32mx/lib\libe.a(_fixdfdi.o)
 .mdebug.abi32  0xa0000438        0x0 d:/program files - hdd/mplab compiler x32/bin/bin/../../lib/gcc/pic32mx/4.8.3\libgcc.a(_lshrdi3.o)
 .mdebug.abi32  0xa0000438        0x0 d:/program files - hdd/mplab compiler x32/bin/bin/../../lib/gcc/pic32mx/4.8.3\libgcc.a(_ashldi3.o)
 .mdebug.abi32  0xa0000438        0x0 d:/program files - hdd/mplab compiler x32/bin/bin/../../lib/gcc/pic32mx/4.8.3\libgcc.a(_floatundidf.o)
 .mdebug.abi32  0xa0000438        0x0 d:/program files - hdd/mplab compiler x32/bin/bin/../../lib/gcc/pic32mx/4.8.3\libgcc.a(_udivdi3.o)
 .mdebug.abi32  0xa0000438        0x0 d:/program files - hdd/mplab compiler x32/bin/bin/../../lib/gcc/pic32mx/4.8.3\libgcc.a(_umoddi3.o)
 .mdebug.abi32  0xa0000438        0x0 d:/program files - hdd/mplab compiler x32/bin/bin/../../lib/gcc/pic32mx/4.8.3\libgcc.a(floatunsidf.o)
 .mdebug.abi32  0xa0000438        0x0 d:/program files - hdd/mplab compiler x32/bin/bin/../../lib/gcc/pic32mx/4.8.3/../../../../pic32mx/lib\libpic32.a(read.o)
 .mdebug.abi32  0xa0000438        0x0 d:/program files - hdd/mplab compiler x32/bin/bin/../../lib/gcc/pic32mx/4.8.3/../../../../pic32mx/lib\libpic32.a(write.o)
 .mdebug.abi32  0xa0000438        0x0 d:/program files - hdd/mplab compiler x32/bin/bin/../../lib/gcc/pic32mx/4.8.3/../../../../pic32mx/lib\libpic32.a(xc32_uart.o)

.mdebug.abiN32
 *(.mdebug.abiN32)

.mdebug.abi64
 *(.mdebug.abi64)

.mdebug.abiO64
 *(.mdebug.abiO64)

.mdebug.eabi32
 *(.mdebug.eabi32)

.mdebug.eabi64
 *(.mdebug.eabi64)

.gcc_compiled_long32
 *(.gcc_compiled_long32)

.gcc_compiled_long64
 *(.gcc_compiled_long64)

.stab
 *(.stab)

.stabstr
 *(.stabstr)

.stab.excl
 *(.stab.excl)

.stab.exclstr
 *(.stab.exclstr)

.stab.index
 *(.stab.index)

.stab.indexstr
 *(.stab.indexstr)

.comment        0x00000000      0x3c4
 *(.comment)
 .comment       0x00000000       0x3c build/default/production/_ext/1472/LCDlib.o
                                 0x3d (size before relaxing)
 .comment       0x00000000       0x3d build/default/production/_ext/1472/hardware.o
 .comment       0x00000000       0x3d build/default/production/_ext/1472/led7.o
 .comment       0x00000000       0x3d build/default/production/_ext/1472/main.o
 .comment       0x00000000       0x3d build/default/production/_ext/1472/swDelay.o
 .comment       0x00000000       0x3d build/default/production/_ext/1472/uart2.o
 .comment       0x00000000       0x3d build/default/production/_ext/1472/uart4.o
 .comment       0x00000000       0x3d build/default/production/_ext/1472/RC.o
 .comment       0x00000000       0x3d build/default/production/_ext/1472/Pot.o
 .comment       0x00000000       0x3d build/default/production/_ext/1472/GPS_I2C.o
 .comment       0x00000000       0x3d build/default/production/_ext/1472/i2c_lib.o
 .comment       0x00000000       0x3d build/default/production/_ext/1472/Gamepad.o
 .comment       0x00000000       0x3d build/default/production/_ext/1472/ADC_TEMP.o
 .comment       0x00000000       0x3d build/default/production/_ext/1472/CycleData.o
 .comment       0x00000000       0x3d build/default/production/_ext/1472/Notice.o
 .comment       0x00000000       0x3d build/default/production/_ext/1472/DMA_UART2.o
 .comment       0x00000000       0x3d build/default/production/_ext/1472/MAG3110.o
 .comment       0x00000000       0x3d build/default/production/_ext/1472/Stepper.o
 .comment       0x0000003c       0x3c d:/program files - hdd/mplab compiler x32/bin/bin/../../lib/gcc/pic32mx/4.8.3/../../../../pic32mx/lib\libmchp_peripheral.a(read_core_timer_lib.o)
                                 0x3d (size before relaxing)
 .comment       0x00000000       0x3d d:/program files - hdd/mplab compiler x32/bin/bin/../../lib/gcc/pic32mx/4.8.3/../../../../pic32mx/lib\libmchp_peripheral_32MX370F512L.a(pcache.o)
 .comment       0x00000000       0x3d d:/program files - hdd/mplab compiler x32/bin/bin/../../lib/gcc/pic32mx/4.8.3/../../../../pic32mx/lib\libmchp_peripheral_32MX370F512L.a(int_configure_system_lib.o)
 .comment       0x00000000       0x3d d:/program files - hdd/mplab compiler x32/bin/bin/../../lib/gcc/pic32mx/4.8.3/../../../../pic32mx/lib\libmchp_peripheral_32MX370F512L.a(int_enable_interrupts_lib.o)
 .comment       0x00000000       0x3d d:/program files - hdd/mplab compiler x32/bin/bin/../../lib/gcc/pic32mx/4.8.3/../../../../pic32mx/lib\libmchp_peripheral_32MX370F512L.a(int_disable_interrupts_lib.o)
 .comment       0x00000000       0x3d d:/program files - hdd/mplab compiler x32/bin/bin/../../lib/gcc/pic32mx/4.8.3/../../../../pic32mx/lib\libmchp_peripheral_32MX370F512L.a(int_restore_interrupts_lib.o)
 .comment       0x00000000       0x3d d:/program files - hdd/mplab compiler x32/bin/bin/../../lib/gcc/pic32mx/4.8.3/../../../../pic32mx/lib\libmchp_peripheral_32MX370F512L.a(int_tbl_lib.o)
 .comment       0x00000000       0x3d d:/program files - hdd/mplab compiler x32/bin/bin/../../lib/gcc/pic32mx/4.8.3/../../../../pic32mx/lib\libmchp_peripheral_32MX370F512L.a(dma_chn_set_ev_enable_flags_lib.o)
 .comment       0x00000000       0x3d d:/program files - hdd/mplab compiler x32/bin/bin/../../lib/gcc/pic32mx/4.8.3/../../../../pic32mx/lib\libmchp_peripheral_32MX370F512L.a(dma_chn_open_lib.o)
 .comment       0x00000000       0x3d d:/program files - hdd/mplab compiler x32/bin/bin/../../lib/gcc/pic32mx/4.8.3/../../../../pic32mx/lib\libmchp_peripheral_32MX370F512L.a(dma_chn_enable_lib.o)
 .comment       0x00000000       0x3d d:/program files - hdd/mplab compiler x32/bin/bin/../../lib/gcc/pic32mx/4.8.3/../../../../pic32mx/lib\libmchp_peripheral_32MX370F512L.a(dma_chn_get_ev_flags_lib.o)
 .comment       0x00000000       0x3d d:/program files - hdd/mplab compiler x32/bin/bin/../../lib/gcc/pic32mx/4.8.3/../../../../pic32mx/lib\libmchp_peripheral_32MX370F512L.a(dma_chn_write_event_control_flags_lib.o)
 .comment       0x00000000       0x3d d:/program files - hdd/mplab compiler x32/bin/bin/../../lib/gcc/pic32mx/4.8.3/../../../../pic32mx/lib\libmchp_peripheral_32MX370F512L.a(dma_chn_set_match_pattern_lib.o)
 .comment       0x00000000       0x3d d:/program files - hdd/mplab compiler x32/bin/bin/../../lib/gcc/pic32mx/4.8.3/../../../../pic32mx/lib\libmchp_peripheral_32MX370F512L.a(dma_chn_set_txfer_lib.o)
 .comment       0x00000000       0x3d d:/program files - hdd/mplab compiler x32/bin/bin/../../lib/gcc/pic32mx/4.8.3/../../../../pic32mx/lib\libmchp_peripheral_32MX370F512L.a(dma_reg_map_tbl_lib.o)
 .comment       0x00000000       0x3d d:/program files - hdd/mplab compiler x32/bin/bin/../../lib/gcc/pic32mx/4.8.3/../../../../pic32mx/lib\libmchp_peripheral_32MX370F512L.a(port_set_pins_digital_in_lib.o)
 .comment       0x00000000       0x3d d:/program files - hdd/mplab compiler x32/bin/bin/../../lib/gcc/pic32mx/4.8.3/../../../../pic32mx/lib\libmchp_peripheral_32MX370F512L.a(port_set_pins_digital_out_lib.o)
 .comment       0x00000000       0x3d d:/program files - hdd/mplab compiler x32/bin/bin/../../lib/gcc/pic32mx/4.8.3/../../../../pic32mx/lib\libmchp_peripheral_32MX370F512L.a(_ports_tbl_libp.o)
 .comment       0x00000000       0x3d d:/program files - hdd/mplab compiler x32/bin/bin/../../lib/gcc/pic32mx/4.8.3/../../../../pic32mx/lib\libmchp_peripheral_32MX370F512L.a(uart_lib.o)
 .comment       0x00000000       0x3d d:/program files - hdd/mplab compiler x32/bin/bin/../../lib/gcc/pic32mx/4.8.3/../../../../pic32mx/lib\libmchp_peripheral_32MX370F512L.a(I2CAcknowledgeByte.o)
 .comment       0x00000000       0x3d d:/program files - hdd/mplab compiler x32/bin/bin/../../lib/gcc/pic32mx/4.8.3/../../../../pic32mx/lib\libmchp_peripheral_32MX370F512L.a(I2CAcknowledgeHasCompleted.o)
 .comment       0x00000000       0x3d d:/program files - hdd/mplab compiler x32/bin/bin/../../lib/gcc/pic32mx/4.8.3/../../../../pic32mx/lib\libmchp_peripheral_32MX370F512L.a(I2CBusIsIdle.o)
 .comment       0x00000000       0x3d d:/program files - hdd/mplab compiler x32/bin/bin/../../lib/gcc/pic32mx/4.8.3/../../../../pic32mx/lib\libmchp_peripheral_32MX370F512L.a(I2CByteWasAcknowledged.o)
 .comment       0x00000000       0x3d d:/program files - hdd/mplab compiler x32/bin/bin/../../lib/gcc/pic32mx/4.8.3/../../../../pic32mx/lib\libmchp_peripheral_32MX370F512L.a(I2CEnable.o)
 .comment       0x00000000       0x3d d:/program files - hdd/mplab compiler x32/bin/bin/../../lib/gcc/pic32mx/4.8.3/../../../../pic32mx/lib\libmchp_peripheral_32MX370F512L.a(I2CGetByte.o)
 .comment       0x00000000       0x3d d:/program files - hdd/mplab compiler x32/bin/bin/../../lib/gcc/pic32mx/4.8.3/../../../../pic32mx/lib\libmchp_peripheral_32MX370F512L.a(I2CGetStatus.o)
 .comment       0x00000000       0x3d d:/program files - hdd/mplab compiler x32/bin/bin/../../lib/gcc/pic32mx/4.8.3/../../../../pic32mx/lib\libmchp_peripheral_32MX370F512L.a(I2CReceivedDataIsAvailable.o)
 .comment       0x00000000       0x3d d:/program files - hdd/mplab compiler x32/bin/bin/../../lib/gcc/pic32mx/4.8.3/../../../../pic32mx/lib\libmchp_peripheral_32MX370F512L.a(I2CReceiverEnable.o)
 .comment       0x00000000       0x3d d:/program files - hdd/mplab compiler x32/bin/bin/../../lib/gcc/pic32mx/4.8.3/../../../../pic32mx/lib\libmchp_peripheral_32MX370F512L.a(I2CRepeatStart.o)
 .comment       0x00000000       0x3d d:/program files - hdd/mplab compiler x32/bin/bin/../../lib/gcc/pic32mx/4.8.3/../../../../pic32mx/lib\libmchp_peripheral_32MX370F512L.a(I2CSendByte.o)
 .comment       0x00000000       0x3d d:/program files - hdd/mplab compiler x32/bin/bin/../../lib/gcc/pic32mx/4.8.3/../../../../pic32mx/lib\libmchp_peripheral_32MX370F512L.a(I2CSetFrequency.o)
 .comment       0x00000000       0x3d d:/program files - hdd/mplab compiler x32/bin/bin/../../lib/gcc/pic32mx/4.8.3/../../../../pic32mx/lib\libmchp_peripheral_32MX370F512L.a(I2CStart.o)
 .comment       0x00000000       0x3d d:/program files - hdd/mplab compiler x32/bin/bin/../../lib/gcc/pic32mx/4.8.3/../../../../pic32mx/lib\libmchp_peripheral_32MX370F512L.a(I2CStop.o)
 .comment       0x00000000       0x3d d:/program files - hdd/mplab compiler x32/bin/bin/../../lib/gcc/pic32mx/4.8.3/../../../../pic32mx/lib\libmchp_peripheral_32MX370F512L.a(I2CTransmissionHasCompleted.o)
 .comment       0x00000000       0x3d d:/program files - hdd/mplab compiler x32/bin/bin/../../lib/gcc/pic32mx/4.8.3/../../../../pic32mx/lib\libmchp_peripheral_32MX370F512L.a(I2CTransmitterIsReady.o)
 .comment       0x00000000       0x3d d:/program files - hdd/mplab compiler x32/bin/bin/../../lib/gcc/pic32mx/4.8.3/../../../../pic32mx/lib\libmchp_peripheral_32MX370F512L.a(I2CPrivate.o)
 .comment       0x00000078       0x19 d:/program files - hdd/mplab compiler x32/bin/bin/../../lib/gcc/pic32mx/4.8.3/../../../../pic32mx/lib\libpic32.a(strcpy.o)
                                 0x1a (size before relaxing)
 .comment       0x00000091       0x19 d:/program files - hdd/mplab compiler x32/bin/bin/../../lib/gcc/pic32mx/4.8.3/../../../../pic32mx/lib\libpic32.a(strlen.o)
                                 0x1a (size before relaxing)
 .comment       0x00000000       0x3d d:/program files - hdd/mplab compiler x32/bin/bin/../../lib/gcc/pic32mx/4.8.3/../../../../pic32mx/lib\libpic32.a(default-bootstrap-exception-handler.o)
 .comment       0x00000000       0x3d d:/program files - hdd/mplab compiler x32/bin/bin/../../lib/gcc/pic32mx/4.8.3/../../../../pic32mx/lib\libpic32.a(default-on-reset.o)
 .comment       0x00000000       0x3d d:/program files - hdd/mplab compiler x32/bin/bin/../../lib/gcc/pic32mx/4.8.3/../../../../pic32mx/lib\libpic32.a(default-on-bootstrap.o)
 .comment       0x00000000       0x3d d:/program files - hdd/mplab compiler x32/bin/bin/../../lib/gcc/pic32mx/4.8.3/../../../../pic32mx/lib\libpic32.a(default-general-exception-handler.o)
 .comment       0x00000000       0x3d d:/program files - hdd/mplab compiler x32/bin/bin/../../lib/gcc/pic32mx/4.8.3/../../../../pic32mx/lib\libpic32.a(defaultinterrupt.o)
 .comment       0x000000aa       0x4e d:/program files - hdd/mplab compiler x32/bin/bin/../../lib/gcc/pic32mx/4.8.3/../../../../pic32mx/lib\libc.a(ctype.o)
                                 0x8b (size before relaxing)
 .comment       0x00000000       0x3d d:/program files - hdd/mplab compiler x32/bin/bin/../../lib/gcc/pic32mx/4.8.3/../../../../pic32mx/lib\libc.a(puts.o)
 .comment       0x00000000       0x3d d:/program files - hdd/mplab compiler x32/bin/bin/../../lib/gcc/pic32mx/4.8.3/../../../../pic32mx/lib\libc.a(strchr.o)
 .comment       0x00000000       0x3d d:/program files - hdd/mplab compiler x32/bin/bin/../../lib/gcc/pic32mx/4.8.3/../../../../pic32mx/lib\libc.a(strstr.o)
 .comment       0x00000000       0x3d d:/program files - hdd/mplab compiler x32/bin/bin/../../lib/gcc/pic32mx/4.8.3/../../../../pic32mx/lib\libc.a(strtol.o)
 .comment       0x00000000       0x3d d:/program files - hdd/mplab compiler x32/bin/bin/../../lib/gcc/pic32mx/4.8.3/../../../../pic32mx/lib\libc.a(printf_cdfFnopsuxX.eo)
 .comment       0x00000000       0x3d d:/program files - hdd/mplab compiler x32/bin/bin/../../lib/gcc/pic32mx/4.8.3/../../../../pic32mx/lib\libc.a(sprintf_cdnopuxX.eo)
 .comment       0x00000000       0x3d d:/program files - hdd/mplab compiler x32/bin/bin/../../lib/gcc/pic32mx/4.8.3/../../../../pic32mx/lib\libc.a(sscanf_cdfFnopuxX.eo)
 .comment       0x00000000       0x3d d:/program files - hdd/mplab compiler x32/bin/bin/../../lib/gcc/pic32mx/4.8.3/../../../../pic32mx/lib\libc.a(_iob.o)
 .comment       0x00000000       0x3d d:/program files - hdd/mplab compiler x32/bin/bin/../../lib/gcc/pic32mx/4.8.3/../../../../pic32mx/lib\libc.a(_fputc_simple.o)
 .comment       0x000000f8       0x4f d:/program files - hdd/mplab compiler x32/bin/bin/../../lib/gcc/pic32mx/4.8.3/../../../../pic32mx/lib\libc.a(ctypef.o)
                                 0x8c (size before relaxing)
 .comment       0x00000000       0x3d d:/program files - hdd/mplab compiler x32/bin/bin/../../lib/gcc/pic32mx/4.8.3/../../../../pic32mx/lib\libc.a(errno.o)
 .comment       0x00000000       0x3d d:/program files - hdd/mplab compiler x32/bin/bin/../../lib/gcc/pic32mx/4.8.3/../../../../pic32mx/lib\libc.a(strncmp.o)
 .comment       0x00000000       0x3d d:/program files - hdd/mplab compiler x32/bin/bin/../../lib/gcc/pic32mx/4.8.3/../../../../pic32mx/lib\libc.a(doprnt_cdfFnopsuxX.eo)
 .comment       0x00000000       0x3d d:/program files - hdd/mplab compiler x32/bin/bin/../../lib/gcc/pic32mx/4.8.3/../../../../pic32mx/lib\libc.a(doscan_cdfFnopuxX.eo)
 .comment       0x00000000       0x3d d:/program files - hdd/mplab compiler x32/bin/bin/../../lib/gcc/pic32mx/4.8.3/../../../../pic32mx/lib\libc.a(_flsbuf_simple.o)
 .comment       0x00000000       0x3d d:/program files - hdd/mplab compiler x32/bin/bin/../../lib/gcc/pic32mx/4.8.3/../../../../pic32mx/lib\libc.a(fgetc.o)
 .comment       0x00000000       0x3d d:/program files - hdd/mplab compiler x32/bin/bin/../../lib/gcc/pic32mx/4.8.3/../../../../pic32mx/lib\libc.a(atoi.o)
 .comment       0x00000000       0x3d d:/program files - hdd/mplab compiler x32/bin/bin/../../lib/gcc/pic32mx/4.8.3/../../../../pic32mx/lib\libc.a(ldpowers.o)
 .comment       0x00000000       0x3d d:/program files - hdd/mplab compiler x32/bin/bin/../../lib/gcc/pic32mx/4.8.3/../../../../pic32mx/lib\libc.a(strtod.o)
 .comment       0x00000000       0x3d d:/program files - hdd/mplab compiler x32/bin/bin/../../lib/gcc/pic32mx/4.8.3/../../../../pic32mx/lib\libc.a(strtof.o)
 .comment       0x00000000       0x3d d:/program files - hdd/mplab compiler x32/bin/bin/../../lib/gcc/pic32mx/4.8.3/../../../../pic32mx/lib\libc.a(ungetc.o)
 .comment       0x00000000       0x3d d:/program files - hdd/mplab compiler x32/bin/bin/../../lib/gcc/pic32mx/4.8.3/../../../../pic32mx/lib\libc.a(filbuf.o)
 .comment       0x00000000       0x3d d:/program files - hdd/mplab compiler x32/bin/bin/../../lib/gcc/pic32mx/4.8.3/../../../../pic32mx/lib\libc.a(fflush.o)
 .comment       0x00000000       0x3d d:/program files - hdd/mplab compiler x32/bin/bin/../../lib/gcc/pic32mx/4.8.3/../../../../pic32mx/lib\libm.a(w_atan2f.o)
 .comment       0x00000147       0x9d d:/program files - hdd/mplab compiler x32/bin/bin/../../lib/gcc/pic32mx/4.8.3/../../../../pic32mx/lib\libm.a(__strtod.o)
                                 0xda (size before relaxing)
 .comment       0x000001e4       0x4f d:/program files - hdd/mplab compiler x32/bin/bin/../../lib/gcc/pic32mx/4.8.3/../../../../pic32mx/lib\libm.a(__strtof.o)
                                 0xda (size before relaxing)
 .comment       0x00000000       0x3d d:/program files - hdd/mplab compiler x32/bin/bin/../../lib/gcc/pic32mx/4.8.3/../../../../pic32mx/lib\libm.a(support.o)
 .comment       0x00000233       0x51 d:/program files - hdd/mplab compiler x32/bin/bin/../../lib/gcc/pic32mx/4.8.3/../../../../pic32mx/lib\libe.a(_fixunsdfdi.o)
                                 0xdc (size before relaxing)
 .comment       0x00000284       0x50 d:/program files - hdd/mplab compiler x32/bin/bin/../../lib/gcc/pic32mx/4.8.3/../../../../pic32mx/lib\libe.a(_orderdf2.o)
                                 0xdb (size before relaxing)
 .comment       0x000002d4       0x50 d:/program files - hdd/mplab compiler x32/bin/bin/../../lib/gcc/pic32mx/4.8.3/../../../../pic32mx/lib\libe.a(_ldexp.o)
                                 0xdb (size before relaxing)
 .comment       0x00000324       0x50 d:/program files - hdd/mplab compiler x32/bin/bin/../../lib/gcc/pic32mx/4.8.3/../../../../pic32mx/lib\libe.a(_ldexpf.o)
                                 0xdb (size before relaxing)
 .comment       0x00000374       0x50 d:/program files - hdd/mplab compiler x32/bin/bin/../../lib/gcc/pic32mx/4.8.3/../../../../pic32mx/lib\libe.a(_fixdfdi.o)
                                 0xdb (size before relaxing)
 .comment       0x00000000       0x3d d:/program files - hdd/mplab compiler x32/bin/bin/../../lib/gcc/pic32mx/4.8.3\libgcc.a(_lshrdi3.o)
 .comment       0x00000000       0x3d d:/program files - hdd/mplab compiler x32/bin/bin/../../lib/gcc/pic32mx/4.8.3\libgcc.a(_ashldi3.o)
 .comment       0x00000000       0x3d d:/program files - hdd/mplab compiler x32/bin/bin/../../lib/gcc/pic32mx/4.8.3\libgcc.a(_floatundidf.o)
 .comment       0x00000000       0x3d d:/program files - hdd/mplab compiler x32/bin/bin/../../lib/gcc/pic32mx/4.8.3\libgcc.a(_udivdi3.o)
 .comment       0x00000000       0x3d d:/program files - hdd/mplab compiler x32/bin/bin/../../lib/gcc/pic32mx/4.8.3\libgcc.a(_umoddi3.o)
 .comment       0x00000000       0x3d d:/program files - hdd/mplab compiler x32/bin/bin/../../lib/gcc/pic32mx/4.8.3\libgcc.a(floatunsidf.o)
 .comment       0x00000000       0x3d d:/program files - hdd/mplab compiler x32/bin/bin/../../lib/gcc/pic32mx/4.8.3/../../../../pic32mx/lib\libpic32.a(read.o)
 .comment       0x00000000       0x3d d:/program files - hdd/mplab compiler x32/bin/bin/../../lib/gcc/pic32mx/4.8.3/../../../../pic32mx/lib\libpic32.a(write.o)
 .comment       0x00000000       0x3d d:/program files - hdd/mplab compiler x32/bin/bin/../../lib/gcc/pic32mx/4.8.3/../../../../pic32mx/lib\libpic32.a(xc32_uart.o)

.debug
 *(.debug)

.line
 *(.line)

.debug_srcinfo
 *(.debug_srcinfo)

.debug_sfnames
 *(.debug_sfnames)

.debug_aranges  0x00000000      0xd10
 *(.debug_aranges)
 .debug_aranges
                0x00000000       0x20 build/default/production/_ext/1472/LCDlib.o
 .debug_aranges
                0x00000020       0x20 build/default/production/_ext/1472/hardware.o
 .debug_aranges
                0x00000040       0x20 build/default/production/_ext/1472/led7.o
 .debug_aranges
                0x00000060       0x20 build/default/production/_ext/1472/main.o
 .debug_aranges
                0x00000080       0x20 build/default/production/_ext/1472/swDelay.o
 .debug_aranges
                0x000000a0       0x20 build/default/production/_ext/1472/uart2.o
 .debug_aranges
                0x000000c0       0x20 build/default/production/_ext/1472/uart4.o
 .debug_aranges
                0x000000e0       0x20 build/default/production/_ext/1472/RC.o
 .debug_aranges
                0x00000100       0x20 build/default/production/_ext/1472/Pot.o
 .debug_aranges
                0x00000120       0x20 build/default/production/_ext/1472/GPS_I2C.o
 .debug_aranges
                0x00000140       0x20 build/default/production/_ext/1472/i2c_lib.o
 .debug_aranges
                0x00000160       0x20 build/default/production/_ext/1472/Gamepad.o
 .debug_aranges
                0x00000180       0x20 build/default/production/_ext/1472/ADC_TEMP.o
 .debug_aranges
                0x000001a0       0x20 build/default/production/_ext/1472/Notice.o
 .debug_aranges
                0x000001c0       0x20 build/default/production/_ext/1472/DMA_UART2.o
 .debug_aranges
                0x000001e0       0x20 build/default/production/_ext/1472/MAG3110.o
 .debug_aranges
                0x00000200       0x20 build/default/production/_ext/1472/Stepper.o
 .debug_aranges
                0x00000220       0x20 d:/program files - hdd/mplab compiler x32/bin/bin/../../lib/gcc/pic32mx/4.8.3/../../../../pic32mx/lib\libmchp_peripheral.a(read_core_timer_lib.o)
 .debug_aranges
                0x00000240       0x28 d:/program files - hdd/mplab compiler x32/bin/bin/../../lib/gcc/pic32mx/4.8.3/../../../../pic32mx/lib\libmchp_peripheral_32MX370F512L.a(pcache.o)
 .debug_aranges
                0x00000268       0x20 d:/program files - hdd/mplab compiler x32/bin/bin/../../lib/gcc/pic32mx/4.8.3/../../../../pic32mx/lib\libmchp_peripheral_32MX370F512L.a(int_configure_system_lib.o)
 .debug_aranges
                0x00000288       0x20 d:/program files - hdd/mplab compiler x32/bin/bin/../../lib/gcc/pic32mx/4.8.3/../../../../pic32mx/lib\libmchp_peripheral_32MX370F512L.a(int_enable_interrupts_lib.o)
 .debug_aranges
                0x000002a8       0x20 d:/program files - hdd/mplab compiler x32/bin/bin/../../lib/gcc/pic32mx/4.8.3/../../../../pic32mx/lib\libmchp_peripheral_32MX370F512L.a(int_disable_interrupts_lib.o)
 .debug_aranges
                0x000002c8       0x20 d:/program files - hdd/mplab compiler x32/bin/bin/../../lib/gcc/pic32mx/4.8.3/../../../../pic32mx/lib\libmchp_peripheral_32MX370F512L.a(int_restore_interrupts_lib.o)
 .debug_aranges
                0x000002e8       0x60 d:/program files - hdd/mplab compiler x32/bin/bin/../../lib/gcc/pic32mx/4.8.3/../../../../pic32mx/lib\libmchp_peripheral_32MX370F512L.a(int_tbl_lib.o)
 .debug_aranges
                0x00000348       0x20 d:/program files - hdd/mplab compiler x32/bin/bin/../../lib/gcc/pic32mx/4.8.3/../../../../pic32mx/lib\libmchp_peripheral_32MX370F512L.a(dma_chn_set_ev_enable_flags_lib.o)
 .debug_aranges
                0x00000368       0x20 d:/program files - hdd/mplab compiler x32/bin/bin/../../lib/gcc/pic32mx/4.8.3/../../../../pic32mx/lib\libmchp_peripheral_32MX370F512L.a(dma_chn_open_lib.o)
 .debug_aranges
                0x00000388       0x20 d:/program files - hdd/mplab compiler x32/bin/bin/../../lib/gcc/pic32mx/4.8.3/../../../../pic32mx/lib\libmchp_peripheral_32MX370F512L.a(dma_chn_enable_lib.o)
 .debug_aranges
                0x000003a8       0x20 d:/program files - hdd/mplab compiler x32/bin/bin/../../lib/gcc/pic32mx/4.8.3/../../../../pic32mx/lib\libmchp_peripheral_32MX370F512L.a(dma_chn_get_ev_flags_lib.o)
 .debug_aranges
                0x000003c8       0x20 d:/program files - hdd/mplab compiler x32/bin/bin/../../lib/gcc/pic32mx/4.8.3/../../../../pic32mx/lib\libmchp_peripheral_32MX370F512L.a(dma_chn_write_event_control_flags_lib.o)
 .debug_aranges
                0x000003e8       0x20 d:/program files - hdd/mplab compiler x32/bin/bin/../../lib/gcc/pic32mx/4.8.3/../../../../pic32mx/lib\libmchp_peripheral_32MX370F512L.a(dma_chn_set_match_pattern_lib.o)
 .debug_aranges
                0x00000408       0x20 d:/program files - hdd/mplab compiler x32/bin/bin/../../lib/gcc/pic32mx/4.8.3/../../../../pic32mx/lib\libmchp_peripheral_32MX370F512L.a(dma_chn_set_txfer_lib.o)
 .debug_aranges
                0x00000428       0x20 d:/program files - hdd/mplab compiler x32/bin/bin/../../lib/gcc/pic32mx/4.8.3/../../../../pic32mx/lib\libmchp_peripheral_32MX370F512L.a(port_set_pins_digital_in_lib.o)
 .debug_aranges
                0x00000448       0x20 d:/program files - hdd/mplab compiler x32/bin/bin/../../lib/gcc/pic32mx/4.8.3/../../../../pic32mx/lib\libmchp_peripheral_32MX370F512L.a(port_set_pins_digital_out_lib.o)
 .debug_aranges
                0x00000468       0x58 d:/program files - hdd/mplab compiler x32/bin/bin/../../lib/gcc/pic32mx/4.8.3/../../../../pic32mx/lib\libmchp_peripheral_32MX370F512L.a(uart_lib.o)
 .debug_aranges
                0x000004c0       0x20 d:/program files - hdd/mplab compiler x32/bin/bin/../../lib/gcc/pic32mx/4.8.3/../../../../pic32mx/lib\libmchp_peripheral_32MX370F512L.a(I2CAcknowledgeByte.o)
 .debug_aranges
                0x000004e0       0x20 d:/program files - hdd/mplab compiler x32/bin/bin/../../lib/gcc/pic32mx/4.8.3/../../../../pic32mx/lib\libmchp_peripheral_32MX370F512L.a(I2CAcknowledgeHasCompleted.o)
 .debug_aranges
                0x00000500       0x20 d:/program files - hdd/mplab compiler x32/bin/bin/../../lib/gcc/pic32mx/4.8.3/../../../../pic32mx/lib\libmchp_peripheral_32MX370F512L.a(I2CBusIsIdle.o)
 .debug_aranges
                0x00000520       0x20 d:/program files - hdd/mplab compiler x32/bin/bin/../../lib/gcc/pic32mx/4.8.3/../../../../pic32mx/lib\libmchp_peripheral_32MX370F512L.a(I2CByteWasAcknowledged.o)
 .debug_aranges
                0x00000540       0x20 d:/program files - hdd/mplab compiler x32/bin/bin/../../lib/gcc/pic32mx/4.8.3/../../../../pic32mx/lib\libmchp_peripheral_32MX370F512L.a(I2CEnable.o)
 .debug_aranges
                0x00000560       0x20 d:/program files - hdd/mplab compiler x32/bin/bin/../../lib/gcc/pic32mx/4.8.3/../../../../pic32mx/lib\libmchp_peripheral_32MX370F512L.a(I2CGetByte.o)
 .debug_aranges
                0x00000580       0x20 d:/program files - hdd/mplab compiler x32/bin/bin/../../lib/gcc/pic32mx/4.8.3/../../../../pic32mx/lib\libmchp_peripheral_32MX370F512L.a(I2CGetStatus.o)
 .debug_aranges
                0x000005a0       0x20 d:/program files - hdd/mplab compiler x32/bin/bin/../../lib/gcc/pic32mx/4.8.3/../../../../pic32mx/lib\libmchp_peripheral_32MX370F512L.a(I2CReceivedDataIsAvailable.o)
 .debug_aranges
                0x000005c0       0x20 d:/program files - hdd/mplab compiler x32/bin/bin/../../lib/gcc/pic32mx/4.8.3/../../../../pic32mx/lib\libmchp_peripheral_32MX370F512L.a(I2CReceiverEnable.o)
 .debug_aranges
                0x000005e0       0x20 d:/program files - hdd/mplab compiler x32/bin/bin/../../lib/gcc/pic32mx/4.8.3/../../../../pic32mx/lib\libmchp_peripheral_32MX370F512L.a(I2CRepeatStart.o)
 .debug_aranges
                0x00000600       0x20 d:/program files - hdd/mplab compiler x32/bin/bin/../../lib/gcc/pic32mx/4.8.3/../../../../pic32mx/lib\libmchp_peripheral_32MX370F512L.a(I2CSendByte.o)
 .debug_aranges
                0x00000620       0x20 d:/program files - hdd/mplab compiler x32/bin/bin/../../lib/gcc/pic32mx/4.8.3/../../../../pic32mx/lib\libmchp_peripheral_32MX370F512L.a(I2CSetFrequency.o)
 .debug_aranges
                0x00000640       0x20 d:/program files - hdd/mplab compiler x32/bin/bin/../../lib/gcc/pic32mx/4.8.3/../../../../pic32mx/lib\libmchp_peripheral_32MX370F512L.a(I2CStart.o)
 .debug_aranges
                0x00000660       0x20 d:/program files - hdd/mplab compiler x32/bin/bin/../../lib/gcc/pic32mx/4.8.3/../../../../pic32mx/lib\libmchp_peripheral_32MX370F512L.a(I2CStop.o)
 .debug_aranges
                0x00000680       0x20 d:/program files - hdd/mplab compiler x32/bin/bin/../../lib/gcc/pic32mx/4.8.3/../../../../pic32mx/lib\libmchp_peripheral_32MX370F512L.a(I2CTransmissionHasCompleted.o)
 .debug_aranges
                0x000006a0       0x20 d:/program files - hdd/mplab compiler x32/bin/bin/../../lib/gcc/pic32mx/4.8.3/../../../../pic32mx/lib\libmchp_peripheral_32MX370F512L.a(I2CTransmitterIsReady.o)
 .debug_aranges
                0x000006c0       0x20 d:/program files - hdd/mplab compiler x32/bin/bin/../../lib/gcc/pic32mx/4.8.3/../../../../pic32mx/lib\libpic32.a(default-bootstrap-exception-handler.o)
 .debug_aranges
                0x000006e0       0x20 d:/program files - hdd/mplab compiler x32/bin/bin/../../lib/gcc/pic32mx/4.8.3/../../../../pic32mx/lib\libpic32.a(default-on-reset.o)
 .debug_aranges
                0x00000700       0x20 d:/program files - hdd/mplab compiler x32/bin/bin/../../lib/gcc/pic32mx/4.8.3/../../../../pic32mx/lib\libpic32.a(default-on-bootstrap.o)
 .debug_aranges
                0x00000720       0x20 d:/program files - hdd/mplab compiler x32/bin/bin/../../lib/gcc/pic32mx/4.8.3/../../../../pic32mx/lib\libpic32.a(default-general-exception-handler.o)
 .debug_aranges
                0x00000740       0x20 d:/program files - hdd/mplab compiler x32/bin/bin/../../lib/gcc/pic32mx/4.8.3/../../../../pic32mx/lib\libpic32.a(defaultinterrupt.o)
 .debug_aranges
                0x00000760       0x28 d:/program files - hdd/mplab compiler x32/bin/bin/../../lib/gcc/pic32mx/4.8.3/../../../../pic32mx/lib\libc.a(puts.o)
 .debug_aranges
                0x00000788       0x20 d:/program files - hdd/mplab compiler x32/bin/bin/../../lib/gcc/pic32mx/4.8.3/../../../../pic32mx/lib\libc.a(strchr.o)
 .debug_aranges
                0x000007a8       0x20 d:/program files - hdd/mplab compiler x32/bin/bin/../../lib/gcc/pic32mx/4.8.3/../../../../pic32mx/lib\libc.a(strstr.o)
 .debug_aranges
                0x000007c8       0x28 d:/program files - hdd/mplab compiler x32/bin/bin/../../lib/gcc/pic32mx/4.8.3/../../../../pic32mx/lib\libc.a(strtol.o)
 .debug_aranges
                0x000007f0       0x20 d:/program files - hdd/mplab compiler x32/bin/bin/../../lib/gcc/pic32mx/4.8.3/../../../../pic32mx/lib\libc.a(printf_cdfFnopsuxX.eo)
 .debug_aranges
                0x00000810       0x20 d:/program files - hdd/mplab compiler x32/bin/bin/../../lib/gcc/pic32mx/4.8.3/../../../../pic32mx/lib\libc.a(sprintf_cdnopuxX.eo)
 .debug_aranges
                0x00000830       0x20 d:/program files - hdd/mplab compiler x32/bin/bin/../../lib/gcc/pic32mx/4.8.3/../../../../pic32mx/lib\libc.a(sscanf_cdfFnopuxX.eo)
 .debug_aranges
                0x00000850       0x20 d:/program files - hdd/mplab compiler x32/bin/bin/../../lib/gcc/pic32mx/4.8.3/../../../../pic32mx/lib\libc.a(_fputc_simple.o)
 .debug_aranges
                0x00000870       0xa0 d:/program files - hdd/mplab compiler x32/bin/bin/../../lib/gcc/pic32mx/4.8.3/../../../../pic32mx/lib\libc.a(ctypef.o)
 .debug_aranges
                0x00000910       0x20 d:/program files - hdd/mplab compiler x32/bin/bin/../../lib/gcc/pic32mx/4.8.3/../../../../pic32mx/lib\libc.a(strncmp.o)
 .debug_aranges
                0x00000930       0x28 d:/program files - hdd/mplab compiler x32/bin/bin/../../lib/gcc/pic32mx/4.8.3/../../../../pic32mx/lib\libc.a(doprnt_cdfFnopsuxX.eo)
 .debug_aranges
                0x00000958       0x30 d:/program files - hdd/mplab compiler x32/bin/bin/../../lib/gcc/pic32mx/4.8.3/../../../../pic32mx/lib\libc.a(doscan_cdfFnopuxX.eo)
 .debug_aranges
                0x00000988       0x20 d:/program files - hdd/mplab compiler x32/bin/bin/../../lib/gcc/pic32mx/4.8.3/../../../../pic32mx/lib\libc.a(_flsbuf_simple.o)
 .debug_aranges
                0x000009a8       0x20 d:/program files - hdd/mplab compiler x32/bin/bin/../../lib/gcc/pic32mx/4.8.3/../../../../pic32mx/lib\libc.a(fgetc.o)
 .debug_aranges
                0x000009c8       0x20 d:/program files - hdd/mplab compiler x32/bin/bin/../../lib/gcc/pic32mx/4.8.3/../../../../pic32mx/lib\libc.a(atoi.o)
 .debug_aranges
                0x000009e8       0x28 d:/program files - hdd/mplab compiler x32/bin/bin/../../lib/gcc/pic32mx/4.8.3/../../../../pic32mx/lib\libc.a(strtod.o)
 .debug_aranges
                0x00000a10       0x28 d:/program files - hdd/mplab compiler x32/bin/bin/../../lib/gcc/pic32mx/4.8.3/../../../../pic32mx/lib\libc.a(strtof.o)
 .debug_aranges
                0x00000a38       0x20 d:/program files - hdd/mplab compiler x32/bin/bin/../../lib/gcc/pic32mx/4.8.3/../../../../pic32mx/lib\libc.a(ungetc.o)
 .debug_aranges
                0x00000a58       0x20 d:/program files - hdd/mplab compiler x32/bin/bin/../../lib/gcc/pic32mx/4.8.3/../../../../pic32mx/lib\libc.a(filbuf.o)
 .debug_aranges
                0x00000a78       0x20 d:/program files - hdd/mplab compiler x32/bin/bin/../../lib/gcc/pic32mx/4.8.3/../../../../pic32mx/lib\libc.a(fflush.o)
 .debug_aranges
                0x00000a98       0x20 d:/program files - hdd/mplab compiler x32/bin/bin/../../lib/gcc/pic32mx/4.8.3/../../../../pic32mx/lib\libm.a(w_atan2f.o)
 .debug_aranges
                0x00000ab8       0x20 d:/program files - hdd/mplab compiler x32/bin/bin/../../lib/gcc/pic32mx/4.8.3/../../../../pic32mx/lib\libm.a(__strtod.o)
 .debug_aranges
                0x00000ad8       0x20 d:/program files - hdd/mplab compiler x32/bin/bin/../../lib/gcc/pic32mx/4.8.3/../../../../pic32mx/lib\libm.a(__strtof.o)
 .debug_aranges
                0x00000af8       0x78 d:/program files - hdd/mplab compiler x32/bin/bin/../../lib/gcc/pic32mx/4.8.3/../../../../pic32mx/lib\libm.a(support.o)
 .debug_aranges
                0x00000b70       0x20 d:/program files - hdd/mplab compiler x32/bin/bin/../../lib/gcc/pic32mx/4.8.3/../../../../pic32mx/lib\libe.a(_fixunsdfdi.o)
 .debug_aranges
                0x00000b90       0x20 d:/program files - hdd/mplab compiler x32/bin/bin/../../lib/gcc/pic32mx/4.8.3/../../../../pic32mx/lib\libe.a(_orderdf2.o)
 .debug_aranges
                0x00000bb0       0x20 d:/program files - hdd/mplab compiler x32/bin/bin/../../lib/gcc/pic32mx/4.8.3/../../../../pic32mx/lib\libe.a(_ldexp.o)
 .debug_aranges
                0x00000bd0       0x20 d:/program files - hdd/mplab compiler x32/bin/bin/../../lib/gcc/pic32mx/4.8.3/../../../../pic32mx/lib\libe.a(_ldexpf.o)
 .debug_aranges
                0x00000bf0       0x20 d:/program files - hdd/mplab compiler x32/bin/bin/../../lib/gcc/pic32mx/4.8.3/../../../../pic32mx/lib\libe.a(_fixdfdi.o)
 .debug_aranges
                0x00000c10       0x20 d:/program files - hdd/mplab compiler x32/bin/bin/../../lib/gcc/pic32mx/4.8.3\libgcc.a(_lshrdi3.o)
 .debug_aranges
                0x00000c30       0x20 d:/program files - hdd/mplab compiler x32/bin/bin/../../lib/gcc/pic32mx/4.8.3\libgcc.a(_ashldi3.o)
 .debug_aranges
                0x00000c50       0x20 d:/program files - hdd/mplab compiler x32/bin/bin/../../lib/gcc/pic32mx/4.8.3\libgcc.a(_floatundidf.o)
 .debug_aranges
                0x00000c70       0x20 d:/program files - hdd/mplab compiler x32/bin/bin/../../lib/gcc/pic32mx/4.8.3\libgcc.a(_udivdi3.o)
 .debug_aranges
                0x00000c90       0x20 d:/program files - hdd/mplab compiler x32/bin/bin/../../lib/gcc/pic32mx/4.8.3\libgcc.a(_umoddi3.o)
 .debug_aranges
                0x00000cb0       0x20 d:/program files - hdd/mplab compiler x32/bin/bin/../../lib/gcc/pic32mx/4.8.3\libgcc.a(floatunsidf.o)
 .debug_aranges
                0x00000cd0       0x20 d:/program files - hdd/mplab compiler x32/bin/bin/../../lib/gcc/pic32mx/4.8.3/../../../../pic32mx/lib\libpic32.a(read.o)
 .debug_aranges
                0x00000cf0       0x20 d:/program files - hdd/mplab compiler x32/bin/bin/../../lib/gcc/pic32mx/4.8.3/../../../../pic32mx/lib\libpic32.a(write.o)

.debug_pubnames
 *(.debug_pubnames)

.debug_info     0x00000000    0x1cc3f
 *(.debug_info .gnu.linkonce.wi.*)
 .debug_info    0x00000000     0x127d build/default/production/_ext/1472/LCDlib.o
 .debug_info    0x0000127d     0x24a3 build/default/production/_ext/1472/hardware.o
 .debug_info    0x00003720     0x1b53 build/default/production/_ext/1472/led7.o
 .debug_info    0x00005273     0x1516 build/default/production/_ext/1472/main.o
 .debug_info    0x00006789      0xf6d build/default/production/_ext/1472/swDelay.o
 .debug_info    0x000076f6     0x1a39 build/default/production/_ext/1472/uart2.o
 .debug_info    0x0000912f     0x15f4 build/default/production/_ext/1472/uart4.o
 .debug_info    0x0000a723     0x132f build/default/production/_ext/1472/RC.o
 .debug_info    0x0000ba52     0x12d7 build/default/production/_ext/1472/Pot.o
 .debug_info    0x0000cd29     0x111e build/default/production/_ext/1472/GPS_I2C.o
 .debug_info    0x0000de47     0x1629 build/default/production/_ext/1472/i2c_lib.o
 .debug_info    0x0000f470     0x13aa build/default/production/_ext/1472/Gamepad.o
 .debug_info    0x0001081a     0x176a build/default/production/_ext/1472/ADC_TEMP.o
 .debug_info    0x00011f84      0xfe3 build/default/production/_ext/1472/Notice.o
 .debug_info    0x00012f67     0x1a0a build/default/production/_ext/1472/DMA_UART2.o
 .debug_info    0x00014971     0x1876 build/default/production/_ext/1472/MAG3110.o
 .debug_info    0x000161e7     0x18ce build/default/production/_ext/1472/Stepper.o
 .debug_info    0x00017ab5       0xa8 d:/program files - hdd/mplab compiler x32/bin/bin/../../lib/gcc/pic32mx/4.8.3/../../../../pic32mx/lib\libmchp_peripheral.a(read_core_timer_lib.o)
 .debug_info    0x00017b5d       0xbe d:/program files - hdd/mplab compiler x32/bin/bin/../../lib/gcc/pic32mx/4.8.3/../../../../pic32mx/lib\libmchp_peripheral_32MX370F512L.a(pcache.o)
 .debug_info    0x00017c1b       0xb0 d:/program files - hdd/mplab compiler x32/bin/bin/../../lib/gcc/pic32mx/4.8.3/../../../../pic32mx/lib\libmchp_peripheral_32MX370F512L.a(int_configure_system_lib.o)
 .debug_info    0x00017ccb       0xb2 d:/program files - hdd/mplab compiler x32/bin/bin/../../lib/gcc/pic32mx/4.8.3/../../../../pic32mx/lib\libmchp_peripheral_32MX370F512L.a(int_enable_interrupts_lib.o)
 .debug_info    0x00017d7d       0xb4 d:/program files - hdd/mplab compiler x32/bin/bin/../../lib/gcc/pic32mx/4.8.3/../../../../pic32mx/lib\libmchp_peripheral_32MX370F512L.a(int_disable_interrupts_lib.o)
 .debug_info    0x00017e31       0xb4 d:/program files - hdd/mplab compiler x32/bin/bin/../../lib/gcc/pic32mx/4.8.3/../../../../pic32mx/lib\libmchp_peripheral_32MX370F512L.a(int_restore_interrupts_lib.o)
 .debug_info    0x00017ee5      0x19c d:/program files - hdd/mplab compiler x32/bin/bin/../../lib/gcc/pic32mx/4.8.3/../../../../pic32mx/lib\libmchp_peripheral_32MX370F512L.a(int_tbl_lib.o)
 .debug_info    0x00018081       0xbb d:/program files - hdd/mplab compiler x32/bin/bin/../../lib/gcc/pic32mx/4.8.3/../../../../pic32mx/lib\libmchp_peripheral_32MX370F512L.a(dma_chn_set_ev_enable_flags_lib.o)
 .debug_info    0x0001813c       0xb3 d:/program files - hdd/mplab compiler x32/bin/bin/../../lib/gcc/pic32mx/4.8.3/../../../../pic32mx/lib\libmchp_peripheral_32MX370F512L.a(dma_chn_open_lib.o)
 .debug_info    0x000181ef       0xa4 d:/program files - hdd/mplab compiler x32/bin/bin/../../lib/gcc/pic32mx/4.8.3/../../../../pic32mx/lib\libmchp_peripheral_32MX370F512L.a(dma_chn_enable_lib.o)
 .debug_info    0x00018293       0xae d:/program files - hdd/mplab compiler x32/bin/bin/../../lib/gcc/pic32mx/4.8.3/../../../../pic32mx/lib\libmchp_peripheral_32MX370F512L.a(dma_chn_get_ev_flags_lib.o)
 .debug_info    0x00018341       0xc7 d:/program files - hdd/mplab compiler x32/bin/bin/../../lib/gcc/pic32mx/4.8.3/../../../../pic32mx/lib\libmchp_peripheral_32MX370F512L.a(dma_chn_write_event_control_flags_lib.o)
 .debug_info    0x00018408       0xb8 d:/program files - hdd/mplab compiler x32/bin/bin/../../lib/gcc/pic32mx/4.8.3/../../../../pic32mx/lib\libmchp_peripheral_32MX370F512L.a(dma_chn_set_match_pattern_lib.o)